[22:39:24] [main/INFO] (FabricLoader/GameProvider) Loading Minecraft 1.20.2 with Fabric Loader 0.16.4
[22:39:24] [main/DEBUG] (FabricLoader/GamePatch) Found game constructor: net.minecraft.client.main.Main -> net.minecraft.client.MinecraftClient
[22:39:24] [main/DEBUG] (FabricLoader/GamePatch) Patching game constructor <init>(Lnet/minecraft/client/RunArgs;)V
[22:39:24] [main/DEBUG] (FabricLoader/GamePatch) Run directory field is thought to be net/minecraft/client/MinecraftClient/runDirectory
[22:39:24] [main/DEBUG] (FabricLoader/GamePatch) Applying brand name hook to net/minecraft/client/ClientBrandRetriever::getClientModName
[22:39:24] [main/DEBUG] (FabricLoader/GamePatch) Applying brand name hook to net/minecraft/server/MinecraftServer::getServerModName
[22:39:24] [main/DEBUG] (FabricLoader/Mappings) Loading mappings took 75 ms
[22:39:24] [main/DEBUG] (FabricLoader/GamePatch) Patched 3 classs
[22:39:24] [ForkJoinPool-1-worker-1/WARN] (FabricLoader/Metadata) Mod efac uses the version 0.2a-1.20.2 which isn't compatible with Loader's extended semantic version format (Could not parse version number component '2a'!), SemVer is recommended for reliably evaluating dependencies and prioritizing newer version
[22:39:24] [main/DEBUG] (FabricLoader/Discovery) Mod discovery time: 13.9 ms
[22:39:24] [main/DEBUG] (FabricLoader/Resolution) Mod resolution time: 33.0 ms
[22:39:24] [main/INFO] (FabricLoader) Loading 59 mods:
	- customportalapi 0.0.1-beta64-1.20.2
	- efac 0.2a-1.20.2
	- fabric-api 0.91.6+1.20.2
	- fabric-api-base 0.4.33+fce67b32a0
	- fabric-api-lookup-api-v1 1.6.43+b1792f7da0
	- fabric-biome-api-v1 13.0.14+b1792f7da0
	- fabric-block-api-v1 1.0.12+73761d2ea0
	- fabric-block-view-api-v2 1.0.1+73761d2ea0
	- fabric-blockrenderlayer-v1 1.1.43+f4b7e424a0
	- fabric-client-tags-api-v1 1.1.4+86b12645a0
	- fabric-command-api-v1 1.2.37+f71b366fa0
	- fabric-command-api-v2 2.2.16+b1792f7da0
	- fabric-commands-v0 0.2.54+df3654b3a0
	- fabric-containers-v0 0.1.81+df3654b3a0
	- fabric-content-registries-v0 5.0.6+b1792f7da0
	- fabric-convention-tags-v1 1.5.8+b1792f7da0
	- fabric-crash-report-info-v1 0.2.20+f4b7e424a0
	- fabric-data-generation-api-v1 13.1.11+b1792f7da0
	- fabric-dimensions-v1 2.1.57+b1792f7da0
	- fabric-entity-events-v1 1.5.26+b1792f7da0
	- fabric-events-interaction-v0 0.6.10+b1792f7da0
	- fabric-events-lifecycle-v0 0.2.70+df3654b3a0
	- fabric-game-rule-api-v1 1.0.42+a44e16a6a0
	- fabric-gametest-api-v1 1.2.16+b1792f7da0
	- fabric-item-api-v1 2.1.33+b1792f7da0
	- fabric-item-group-api-v1 4.0.15+e3d2bf3fa0
	- fabric-key-binding-api-v1 1.0.38+f4b7e424a0
	- fabric-keybindings-v0 0.2.36+df3654b3a0
	- fabric-lifecycle-events-v1 2.2.28+c8b10480a0
	- fabric-loot-api-v2 2.1.1+3ba460fba0
	- fabric-message-api-v1 6.0.2+e3d2bf3fa0
	- fabric-mining-level-api-v1 2.1.56+f4b7e424a0
	- fabric-model-loading-api-v1 1.0.6+b1792f7da0
	- fabric-models-v0 0.4.5+9386d8a7a0
	- fabric-networking-api-v1 3.1.5+f4be560ba0
	- fabric-object-builder-api-v1 12.1.2+2ff98d3ba0
	- fabric-particles-v1 1.1.4+f4b7e424a0
	- fabric-recipe-api-v1 2.0.14+52b3ebe5a0
	- fabric-registry-sync-v0 4.0.12+b1792f7da0
	- fabric-renderer-api-v1 3.2.1+2034447ca0
	- fabric-renderer-indigo 1.5.1+2034447ca0
	- fabric-renderer-registries-v1 3.2.49+df3654b3a0
	- fabric-rendering-data-attachment-v1 0.3.39+73761d2ea0
	- fabric-rendering-fluids-v1 3.0.30+f4b7e424a0
	- fabric-rendering-v0 1.1.52+df3654b3a0
	- fabric-rendering-v1 3.0.11+b1792f7da0
	- fabric-resource-conditions-api-v1 2.3.11+239dafd8a0
	- fabric-resource-loader-v0 0.11.12+b1792f7da0
	- fabric-screen-api-v1 2.0.12+b1792f7da0
	- fabric-screen-handler-api-v1 1.3.47+b1792f7da0
	- fabric-sound-api-v1 1.0.14+f4b7e424a0
	- fabric-transfer-api-v1 3.3.13+4944b5a5a0
	- fabric-transitive-access-wideners-v1 5.0.3+fce67b32a0
	- fabricloader 0.16.4
	- java 21
	- minecraft 1.20.2
	- mixinextras 0.4.1
	- terrablender 3.0.0.170
	- terraform-wood-api-v1 7.0.1
[22:39:24] [main/DEBUG] (FabricLoader/Knot) Adding /Users/cr/st/fabric-efac-1.20.2/.gradle/loom-cache/remapped_mods/net_fabricmc_yarn_1_20_2_1_20_2_build_4_v2/net/fabricmc/fabric-api/fabric-api-base/0.4.33+fce67b32a0/fabric-api-base-0.4.33+fce67b32a0.jar to classpath.
[22:39:24] [main/DEBUG] (FabricLoader/Knot) Adding /Users/cr/st/fabric-efac-1.20.2/.gradle/loom-cache/remapped_mods/net_fabricmc_yarn_1_20_2_1_20_2_build_4_v2/net/fabricmc/fabric-api/fabric-containers-v0/0.1.81+df3654b3a0/fabric-containers-v0-0.1.81+df3654b3a0.jar to classpath.
[22:39:24] [main/DEBUG] (FabricLoader/Knot) Adding /Users/cr/st/fabric-efac-1.20.2/.gradle/loom-cache/remapped_mods/net_fabricmc_yarn_1_20_2_1_20_2_build_4_v2/net/fabricmc/fabric-api/fabric-renderer-api-v1/3.2.1+2034447ca0/fabric-renderer-api-v1-3.2.1+2034447ca0.jar to classpath.
[22:39:24] [main/DEBUG] (FabricLoader/Knot) Adding /Users/cr/.gradle/caches/modules-2/files-2.1/io.github.llamalad7/mixinextras-fabric/0.4.1/8d1a9e96afb990367fa1f904d17580d164da72e3/mixinextras-fabric-0.4.1.jar to classpath.
[22:39:24] [main/DEBUG] (FabricLoader/Knot) Adding /Users/cr/st/fabric-efac-1.20.2/.gradle/loom-cache/remapped_mods/net_fabricmc_yarn_1_20_2_1_20_2_build_4_v2/net/fabricmc/fabric-api/fabric-mining-level-api-v1/2.1.56+f4b7e424a0/fabric-mining-level-api-v1-2.1.56+f4b7e424a0.jar to classpath.
[22:39:24] [main/DEBUG] (FabricLoader/Knot) Adding /Users/cr/st/fabric-efac-1.20.2/.gradle/loom-cache/remapped_mods/net_fabricmc_yarn_1_20_2_1_20_2_build_4_v2/net/fabricmc/fabric-api/fabric-renderer-indigo/1.5.1+2034447ca0/fabric-renderer-indigo-1.5.1+2034447ca0.jar to classpath.
[22:39:24] [main/DEBUG] (FabricLoader/Knot) Adding /Users/cr/st/fabric-efac-1.20.2/.gradle/loom-cache/remapped_mods/net_fabricmc_yarn_1_20_2_1_20_2_build_4_v2/net/fabricmc/fabric-api/fabric-entity-events-v1/1.5.26+b1792f7da0/fabric-entity-events-v1-1.5.26+b1792f7da0.jar to classpath.
[22:39:24] [main/DEBUG] (FabricLoader/Knot) Adding /Users/cr/st/fabric-efac-1.20.2/.gradle/loom-cache/remapped_mods/net_fabricmc_yarn_1_20_2_1_20_2_build_4_v2/net/fabricmc/fabric-api/fabric-resource-conditions-api-v1/2.3.11+239dafd8a0/fabric-resource-conditions-api-v1-2.3.11+239dafd8a0.jar to classpath.
[22:39:24] [main/DEBUG] (FabricLoader/Knot) Adding /Users/cr/st/fabric-efac-1.20.2/.gradle/loom-cache/remapped_mods/net_fabricmc_yarn_1_20_2_1_20_2_build_4_v2/net/fabricmc/fabric-api/fabric-models-v0/0.4.5+9386d8a7a0/fabric-models-v0-0.4.5+9386d8a7a0.jar to classpath.
[22:39:24] [main/DEBUG] (FabricLoader/Knot) Adding /Users/cr/st/fabric-efac-1.20.2/.gradle/loom-cache/remapped_mods/net_fabricmc_yarn_1_20_2_1_20_2_build_4_v2/net/fabricmc/fabric-api/fabric-block-view-api-v2/1.0.1+73761d2ea0/fabric-block-view-api-v2-1.0.1+73761d2ea0.jar to classpath.
[22:39:24] [main/DEBUG] (FabricLoader/Knot) Adding /Users/cr/st/fabric-efac-1.20.2/.gradle/loom-cache/remapped_mods/net_fabricmc_yarn_1_20_2_1_20_2_build_4_v2/com/terraformersmc/terraform-api/terraform-wood-api-v1/7.0.1/terraform-wood-api-v1-7.0.1.jar to classpath.
[22:39:24] [main/DEBUG] (FabricLoader/Knot) Adding /Users/cr/st/fabric-efac-1.20.2/.gradle/loom-cache/remapped_mods/net_fabricmc_yarn_1_20_2_1_20_2_build_4_v2/net/fabricmc/fabric-api/fabric-dimensions-v1/2.1.57+b1792f7da0/fabric-dimensions-v1-2.1.57+b1792f7da0.jar to classpath.
[22:39:24] [main/DEBUG] (FabricLoader/Knot) Adding /Users/cr/st/fabric-efac-1.20.2/.gradle/loom-cache/remapped_mods/net_fabricmc_yarn_1_20_2_1_20_2_build_4_v2/net/fabricmc/fabric-api/fabric-events-lifecycle-v0/0.2.70+df3654b3a0/fabric-events-lifecycle-v0-0.2.70+df3654b3a0.jar to classpath.
[22:39:24] [main/DEBUG] (FabricLoader/Knot) Adding /Users/cr/st/fabric-efac-1.20.2/.gradle/loom-cache/remapped_mods/net_fabricmc_yarn_1_20_2_1_20_2_build_4_v2/net/fabricmc/fabric-api/fabric-keybindings-v0/0.2.36+df3654b3a0/fabric-keybindings-v0-0.2.36+df3654b3a0.jar to classpath.
[22:39:24] [main/DEBUG] (FabricLoader/Knot) Adding /Users/cr/st/fabric-efac-1.20.2/.gradle/loom-cache/remapped_mods/net_fabricmc_yarn_1_20_2_1_20_2_build_4_v2/net/fabricmc/fabric-api/fabric-object-builder-api-v1/12.1.2+2ff98d3ba0/fabric-object-builder-api-v1-12.1.2+2ff98d3ba0.jar to classpath.
[22:39:24] [main/DEBUG] (FabricLoader/Knot) Adding /Users/cr/st/fabric-efac-1.20.2/.gradle/loom-cache/remapped_mods/net_fabricmc_yarn_1_20_2_1_20_2_build_4_v2/net/fabricmc/fabric-api/fabric-model-loading-api-v1/1.0.6+b1792f7da0/fabric-model-loading-api-v1-1.0.6+b1792f7da0.jar to classpath.
[22:39:24] [main/DEBUG] (FabricLoader/Knot) Adding /Users/cr/st/fabric-efac-1.20.2/.gradle/loom-cache/remapped_mods/net_fabricmc_yarn_1_20_2_1_20_2_build_4_v2/net/fabricmc/fabric-api/fabric-rendering-v0/1.1.52+df3654b3a0/fabric-rendering-v0-1.1.52+df3654b3a0.jar to classpath.
[22:39:24] [main/DEBUG] (FabricLoader/Knot) Adding /Users/cr/st/fabric-efac-1.20.2/.gradle/loom-cache/remapped_mods/net_fabricmc_yarn_1_20_2_1_20_2_build_4_v2/net/fabricmc/fabric-api/fabric-screen-api-v1/2.0.12+b1792f7da0/fabric-screen-api-v1-2.0.12+b1792f7da0.jar to classpath.
[22:39:24] [main/DEBUG] (FabricLoader/Knot) Adding /Users/cr/st/fabric-efac-1.20.2/.gradle/loom-cache/remapped_mods/net_fabricmc_yarn_1_20_2_1_20_2_build_4_v2/net/fabricmc/fabric-api/fabric-particles-v1/1.1.4+f4b7e424a0/fabric-particles-v1-1.1.4+f4b7e424a0.jar to classpath.
[22:39:24] [main/DEBUG] (FabricLoader/Knot) Adding /Users/cr/st/fabric-efac-1.20.2/.gradle/loom-cache/remapped_mods/net_fabricmc_yarn_1_20_2_1_20_2_build_4_v2/net/fabricmc/fabric-api/fabric-lifecycle-events-v1/2.2.28+c8b10480a0/fabric-lifecycle-events-v1-2.2.28+c8b10480a0.jar to classpath.
[22:39:24] [main/DEBUG] (FabricLoader/Knot) Adding /Users/cr/st/fabric-efac-1.20.2/.gradle/loom-cache/remapped_mods/net_fabricmc_yarn_1_20_2_1_20_2_build_4_v2/net/fabricmc/fabric-api/fabric-command-api-v2/2.2.16+b1792f7da0/fabric-command-api-v2-2.2.16+b1792f7da0.jar to classpath.
[22:39:24] [main/DEBUG] (FabricLoader/Knot) Adding /Users/cr/st/fabric-efac-1.20.2/.gradle/loom-cache/remapped_mods/net_fabricmc_yarn_1_20_2_1_20_2_build_4_v2/net/fabricmc/fabric-api/fabric-convention-tags-v1/1.5.8+b1792f7da0/fabric-convention-tags-v1-1.5.8+b1792f7da0.jar to classpath.
[22:39:24] [main/DEBUG] (FabricLoader/Knot) Adding /Users/cr/st/fabric-efac-1.20.2/.gradle/loom-cache/remapped_mods/net_fabricmc_yarn_1_20_2_1_20_2_build_4_v2/net/fabricmc/fabric-api/fabric-commands-v0/0.2.54+df3654b3a0/fabric-commands-v0-0.2.54+df3654b3a0.jar to classpath.
[22:39:24] [main/DEBUG] (FabricLoader/Knot) Adding /Users/cr/st/fabric-efac-1.20.2/.gradle/loom-cache/remapped_mods/net_fabricmc_yarn_1_20_2_1_20_2_build_4_v2/net/fabricmc/fabric-api/fabric-gametest-api-v1/1.2.16+b1792f7da0/fabric-gametest-api-v1-1.2.16+b1792f7da0.jar to classpath.
[22:39:24] [main/DEBUG] (FabricLoader/Knot) Adding /Users/cr/st/fabric-efac-1.20.2/.gradle/loom-cache/remapped_mods/net_fabricmc_yarn_1_20_2_1_20_2_build_4_v2/net/fabricmc/fabric-api/fabric-sound-api-v1/1.0.14+f4b7e424a0/fabric-sound-api-v1-1.0.14+f4b7e424a0.jar to classpath.
[22:39:24] [main/DEBUG] (FabricLoader/Knot) Adding /Users/cr/st/fabric-efac-1.20.2/.gradle/loom-cache/remapped_mods/net_fabricmc_yarn_1_20_2_1_20_2_build_4_v2/net/fabricmc/fabric-api/fabric-content-registries-v0/5.0.6+b1792f7da0/fabric-content-registries-v0-5.0.6+b1792f7da0.jar to classpath.
[22:39:24] [main/DEBUG] (FabricLoader/Knot) Adding /Users/cr/st/fabric-efac-1.20.2/build/resources/main to classpath.
[22:39:24] [main/DEBUG] (FabricLoader/Knot) Adding /Users/cr/st/fabric-efac-1.20.2/.gradle/loom-cache/remapped_mods/net_fabricmc_yarn_1_20_2_1_20_2_build_4_v2/net/fabricmc/fabric-api/fabric-events-interaction-v0/0.6.10+b1792f7da0/fabric-events-interaction-v0-0.6.10+b1792f7da0.jar to classpath.
[22:39:24] [main/DEBUG] (FabricLoader/Knot) Adding /Users/cr/st/fabric-efac-1.20.2/.gradle/loom-cache/remapped_mods/net_fabricmc_yarn_1_20_2_1_20_2_build_4_v2/net/fabricmc/fabric-api/fabric-screen-handler-api-v1/1.3.47+b1792f7da0/fabric-screen-handler-api-v1-1.3.47+b1792f7da0.jar to classpath.
[22:39:24] [main/DEBUG] (FabricLoader/Knot) Adding /Users/cr/st/fabric-efac-1.20.2/.gradle/loom-cache/remapped_mods/net_fabricmc_yarn_1_20_2_1_20_2_build_4_v2/net/fabricmc/fabric-api/fabric-registry-sync-v0/4.0.12+b1792f7da0/fabric-registry-sync-v0-4.0.12+b1792f7da0.jar to classpath.
[22:39:24] [main/DEBUG] (FabricLoader/Knot) Adding /Users/cr/st/fabric-efac-1.20.2/.gradle/loom-cache/remapped_mods/net_fabricmc_yarn_1_20_2_1_20_2_build_4_v2/net/fabricmc/fabric-api/fabric-networking-api-v1/3.1.5+f4be560ba0/fabric-networking-api-v1-3.1.5+f4be560ba0.jar to classpath.
[22:39:24] [main/DEBUG] (FabricLoader/Knot) Adding /Users/cr/st/fabric-efac-1.20.2/.gradle/loom-cache/remapped_mods/net_fabricmc_yarn_1_20_2_1_20_2_build_4_v2/com/github/glitchfiend/TerraBlender-fabric/1.20.2-3.0.0.170/TerraBlender-fabric-1.20.2-3.0.0.170.jar to classpath.
[22:39:24] [main/DEBUG] (FabricLoader/Knot) Adding /Users/cr/st/fabric-efac-1.20.2/.gradle/loom-cache/remapped_mods/net_fabricmc_yarn_1_20_2_1_20_2_build_4_v2/net/fabricmc/fabric-api/fabric-rendering-fluids-v1/3.0.30+f4b7e424a0/fabric-rendering-fluids-v1-3.0.30+f4b7e424a0.jar to classpath.
[22:39:24] [main/DEBUG] (FabricLoader/Knot) Adding /Users/cr/st/fabric-efac-1.20.2/.gradle/loom-cache/remapped_mods/net_fabricmc_yarn_1_20_2_1_20_2_build_4_v2/net/fabricmc/fabric-api/fabric-api-lookup-api-v1/1.6.43+b1792f7da0/fabric-api-lookup-api-v1-1.6.43+b1792f7da0.jar to classpath.
[22:39:24] [main/DEBUG] (FabricLoader/Knot) Adding /Users/cr/st/fabric-efac-1.20.2/.gradle/loom-cache/remapped_mods/net_fabricmc_yarn_1_20_2_1_20_2_build_4_v2/net/fabricmc/fabric-api/fabric-crash-report-info-v1/0.2.20+f4b7e424a0/fabric-crash-report-info-v1-0.2.20+f4b7e424a0.jar to classpath.
[22:39:24] [main/DEBUG] (FabricLoader/Knot) Adding /Users/cr/st/fabric-efac-1.20.2/.gradle/loom-cache/remapped_mods/net_fabricmc_yarn_1_20_2_1_20_2_build_4_v2/net/fabricmc/fabric-api/fabric-transfer-api-v1/3.3.13+4944b5a5a0/fabric-transfer-api-v1-3.3.13+4944b5a5a0.jar to classpath.
[22:39:24] [main/DEBUG] (FabricLoader/Knot) Adding /Users/cr/st/fabric-efac-1.20.2/.gradle/loom-cache/remapped_mods/net_fabricmc_yarn_1_20_2_1_20_2_build_4_v2/net/fabricmc/fabric-api/fabric-rendering-v1/3.0.11+b1792f7da0/fabric-rendering-v1-3.0.11+b1792f7da0.jar to classpath.
[22:39:24] [main/DEBUG] (FabricLoader/Knot) Adding /Users/cr/st/fabric-efac-1.20.2/.gradle/loom-cache/remapped_mods/net_fabricmc_yarn_1_20_2_1_20_2_build_4_v2/net/fabricmc/fabric-api/fabric-api/0.91.6+1.20.2/fabric-api-0.91.6+1.20.2.jar to classpath.
[22:39:24] [main/DEBUG] (FabricLoader/Knot) Adding /Users/cr/st/fabric-efac-1.20.2/.gradle/loom-cache/remapped_mods/net_fabricmc_yarn_1_20_2_1_20_2_build_4_v2/net/fabricmc/fabric-api/fabric-item-api-v1/2.1.33+b1792f7da0/fabric-item-api-v1-2.1.33+b1792f7da0.jar to classpath.
[22:39:24] [main/DEBUG] (FabricLoader/Knot) Adding /Users/cr/st/fabric-efac-1.20.2/.gradle/loom-cache/remapped_mods/net_fabricmc_yarn_1_20_2_1_20_2_build_4_v2/net/fabricmc/fabric-api/fabric-resource-loader-v0/0.11.12+b1792f7da0/fabric-resource-loader-v0-0.11.12+b1792f7da0.jar to classpath.
[22:39:24] [main/DEBUG] (FabricLoader/Knot) Adding /Users/cr/st/fabric-efac-1.20.2/.gradle/loom-cache/remapped_mods/net_fabricmc_yarn_1_20_2_1_20_2_build_4_v2/net/fabricmc/fabric-api/fabric-recipe-api-v1/2.0.14+52b3ebe5a0/fabric-recipe-api-v1-2.0.14+52b3ebe5a0.jar to classpath.
[22:39:24] [main/DEBUG] (FabricLoader/Knot) Adding /Users/cr/st/fabric-efac-1.20.2/.gradle/loom-cache/remapped_mods/net_fabricmc_yarn_1_20_2_1_20_2_build_4_v2/net/fabricmc/fabric-api/fabric-command-api-v1/1.2.37+f71b366fa0/fabric-command-api-v1-1.2.37+f71b366fa0.jar to classpath.
[22:39:24] [main/DEBUG] (FabricLoader/Knot) Adding /Users/cr/st/fabric-efac-1.20.2/.gradle/loom-cache/remapped_mods/net_fabricmc_yarn_1_20_2_1_20_2_build_4_v2/net/fabricmc/fabric-api/fabric-key-binding-api-v1/1.0.38+f4b7e424a0/fabric-key-binding-api-v1-1.0.38+f4b7e424a0.jar to classpath.
[22:39:24] [main/DEBUG] (FabricLoader/Knot) Adding /Users/cr/st/fabric-efac-1.20.2/.gradle/loom-cache/remapped_mods/net_fabricmc_yarn_1_20_2_1_20_2_build_4_v2/net/fabricmc/fabric-api/fabric-block-api-v1/1.0.12+73761d2ea0/fabric-block-api-v1-1.0.12+73761d2ea0.jar to classpath.
[22:39:24] [main/DEBUG] (FabricLoader/Knot) Adding /Users/cr/st/fabric-efac-1.20.2/.gradle/loom-cache/remapped_mods/net_fabricmc_yarn_1_20_2_1_20_2_build_4_v2/net/fabricmc/fabric-api/fabric-client-tags-api-v1/1.1.4+86b12645a0/fabric-client-tags-api-v1-1.1.4+86b12645a0.jar to classpath.
[22:39:24] [main/DEBUG] (FabricLoader/Knot) Adding /Users/cr/st/fabric-efac-1.20.2/.gradle/loom-cache/remapped_mods/net_fabricmc_yarn_1_20_2_1_20_2_build_4_v2/net/fabricmc/fabric-api/fabric-item-group-api-v1/4.0.15+e3d2bf3fa0/fabric-item-group-api-v1-4.0.15+e3d2bf3fa0.jar to classpath.
[22:39:24] [main/DEBUG] (FabricLoader/Knot) Adding /Users/cr/st/fabric-efac-1.20.2/.gradle/loom-cache/remapped_mods/net_fabricmc_yarn_1_20_2_1_20_2_build_4_v2/net/fabricmc/fabric-api/fabric-message-api-v1/6.0.2+e3d2bf3fa0/fabric-message-api-v1-6.0.2+e3d2bf3fa0.jar to classpath.
[22:39:24] [main/DEBUG] (FabricLoader/Knot) Adding /Users/cr/st/fabric-efac-1.20.2/.gradle/loom-cache/remapped_mods/net_fabricmc_yarn_1_20_2_1_20_2_build_4_v2/net/kyrptonaught/customportalapi/0.0.1-beta64-1.20.2/customportalapi-0.0.1-beta64-1.20.2.jar to classpath.
[22:39:24] [main/DEBUG] (FabricLoader/Knot) Adding /Users/cr/st/fabric-efac-1.20.2/.gradle/loom-cache/remapped_mods/net_fabricmc_yarn_1_20_2_1_20_2_build_4_v2/net/fabricmc/fabric-api/fabric-data-generation-api-v1/13.1.11+b1792f7da0/fabric-data-generation-api-v1-13.1.11+b1792f7da0.jar to classpath.
[22:39:24] [main/DEBUG] (FabricLoader/Knot) Adding /Users/cr/st/fabric-efac-1.20.2/.gradle/loom-cache/remapped_mods/net_fabricmc_yarn_1_20_2_1_20_2_build_4_v2/net/fabricmc/fabric-api/fabric-biome-api-v1/13.0.14+b1792f7da0/fabric-biome-api-v1-13.0.14+b1792f7da0.jar to classpath.
[22:39:24] [main/DEBUG] (FabricLoader/Knot) Adding /Users/cr/st/fabric-efac-1.20.2/.gradle/loom-cache/remapped_mods/net_fabricmc_yarn_1_20_2_1_20_2_build_4_v2/net/fabricmc/fabric-api/fabric-loot-api-v2/2.1.1+3ba460fba0/fabric-loot-api-v2-2.1.1+3ba460fba0.jar to classpath.
[22:39:24] [main/DEBUG] (FabricLoader/Knot) Adding /Users/cr/st/fabric-efac-1.20.2/.gradle/loom-cache/remapped_mods/net_fabricmc_yarn_1_20_2_1_20_2_build_4_v2/net/fabricmc/fabric-api/fabric-transitive-access-wideners-v1/5.0.3+fce67b32a0/fabric-transitive-access-wideners-v1-5.0.3+fce67b32a0.jar to classpath.
[22:39:24] [main/DEBUG] (FabricLoader/Knot) Adding /Users/cr/st/fabric-efac-1.20.2/.gradle/loom-cache/remapped_mods/net_fabricmc_yarn_1_20_2_1_20_2_build_4_v2/net/fabricmc/fabric-api/fabric-rendering-data-attachment-v1/0.3.39+73761d2ea0/fabric-rendering-data-attachment-v1-0.3.39+73761d2ea0.jar to classpath.
[22:39:24] [main/DEBUG] (FabricLoader/Knot) Adding /Users/cr/st/fabric-efac-1.20.2/.gradle/loom-cache/remapped_mods/net_fabricmc_yarn_1_20_2_1_20_2_build_4_v2/net/fabricmc/fabric-api/fabric-renderer-registries-v1/3.2.49+df3654b3a0/fabric-renderer-registries-v1-3.2.49+df3654b3a0.jar to classpath.
[22:39:24] [main/DEBUG] (FabricLoader/Knot) Adding /Users/cr/st/fabric-efac-1.20.2/.gradle/loom-cache/remapped_mods/net_fabricmc_yarn_1_20_2_1_20_2_build_4_v2/net/fabricmc/fabric-api/fabric-blockrenderlayer-v1/1.1.43+f4b7e424a0/fabric-blockrenderlayer-v1-1.1.43+f4b7e424a0.jar to classpath.
[22:39:24] [main/DEBUG] (FabricLoader/Knot) Adding /Users/cr/st/fabric-efac-1.20.2/.gradle/loom-cache/remapped_mods/net_fabricmc_yarn_1_20_2_1_20_2_build_4_v2/net/fabricmc/fabric-api/fabric-game-rule-api-v1/1.0.42+a44e16a6a0/fabric-game-rule-api-v1-1.0.42+a44e16a6a0.jar to classpath.
[22:39:24] [main/DEBUG] (FabricLoader/Entrypoint) Registering new-style initializer net.fabricmc.fabric.impl.client.container.ScreenProviderRegistryImpl::init for mod fabric-containers-v0 (key client)
[22:39:24] [main/DEBUG] (FabricLoader/Entrypoint) Registering new-style initializer net.fabricmc.fabric.impl.client.indigo.Indigo for mod fabric-renderer-indigo (key client)
[22:39:24] [main/DEBUG] (FabricLoader/Entrypoint) Registering new-style initializer com.terraformersmc.terraform.boat.impl.client.TerraformBoatClientInitializer for mod terraform-wood-api-v1 (key client)
[22:39:24] [main/DEBUG] (FabricLoader/Entrypoint) Registering new-style initializer com.terraformersmc.terraform.boat.impl.TerraformBoatInitializer for mod terraform-wood-api-v1 (key main)
[22:39:24] [main/DEBUG] (FabricLoader/Entrypoint) Registering new-style initializer net.fabricmc.fabric.impl.event.lifecycle.v0.client.LegacyClientEventInvokers for mod fabric-events-lifecycle-v0 (key client)
[22:39:24] [main/DEBUG] (FabricLoader/Entrypoint) Registering new-style initializer net.fabricmc.fabric.impl.event.lifecycle.v0.LegacyEventInvokers for mod fabric-events-lifecycle-v0 (key main)
[22:39:24] [main/DEBUG] (FabricLoader/Entrypoint) Registering new-style initializer net.fabricmc.fabric.impl.client.rendering.v0.RenderingCallbackInvoker for mod fabric-rendering-v0 (key client)
[22:39:24] [main/DEBUG] (FabricLoader/Entrypoint) Registering new-style initializer net.fabricmc.fabric.impl.client.event.lifecycle.ClientLifecycleEventsImpl for mod fabric-lifecycle-events-v1 (key client)
[22:39:24] [main/DEBUG] (FabricLoader/Entrypoint) Registering new-style initializer net.fabricmc.fabric.impl.event.lifecycle.LifecycleEventsImpl for mod fabric-lifecycle-events-v1 (key main)
[22:39:24] [main/DEBUG] (FabricLoader/Entrypoint) Registering new-style initializer net.fabricmc.fabric.impl.gametest.FabricGameTestModInitializer for mod fabric-gametest-api-v1 (key main)
[22:39:24] [main/DEBUG] (FabricLoader/Entrypoint) Registering new-style initializer net.steiner.efac.EFACDataGenerator for mod efac (key fabric-datagen)
[22:39:24] [main/DEBUG] (FabricLoader/Entrypoint) Registering new-style initializer net.steiner.efac.world.biome.ModTerrablenderAPI for mod efac (key terrablender)
[22:39:24] [main/DEBUG] (FabricLoader/Entrypoint) Registering new-style initializer net.steiner.efac.EFACClient for mod efac (key client)
[22:39:24] [main/DEBUG] (FabricLoader/Entrypoint) Registering new-style initializer net.steiner.efac.EFAC for mod efac (key main)
[22:39:24] [main/DEBUG] (FabricLoader/Entrypoint) Registering new-style initializer net.fabricmc.fabric.impl.event.interaction.InteractionEventsRouterClient for mod fabric-events-interaction-v0 (key client)
[22:39:24] [main/DEBUG] (FabricLoader/Entrypoint) Registering new-style initializer net.fabricmc.fabric.impl.event.interaction.InteractionEventsRouter for mod fabric-events-interaction-v0 (key main)
[22:39:24] [main/DEBUG] (FabricLoader/Entrypoint) Registering new-style initializer net.fabricmc.fabric.impl.screenhandler.client.ClientNetworking for mod fabric-screen-handler-api-v1 (key client)
[22:39:24] [main/DEBUG] (FabricLoader/Entrypoint) Registering new-style initializer net.fabricmc.fabric.impl.client.registry.sync.FabricRegistryClientInit for mod fabric-registry-sync-v0 (key client)
[22:39:24] [main/DEBUG] (FabricLoader/Entrypoint) Registering new-style initializer net.fabricmc.fabric.impl.registry.sync.FabricRegistryInit for mod fabric-registry-sync-v0 (key main)
[22:39:24] [main/DEBUG] (FabricLoader/Entrypoint) Registering new-style initializer net.fabricmc.fabric.impl.networking.client.ClientNetworkingImpl::clientInit for mod fabric-networking-api-v1 (key client)
[22:39:24] [main/DEBUG] (FabricLoader/Entrypoint) Registering new-style initializer net.fabricmc.fabric.impl.networking.CommonPacketsImpl::init for mod fabric-networking-api-v1 (key main)
[22:39:24] [main/DEBUG] (FabricLoader/Entrypoint) Registering new-style initializer terrablender.core.TerraBlenderFabric for mod terrablender (key main)
[22:39:24] [main/DEBUG] (FabricLoader/Entrypoint) Registering new-style initializer net.fabricmc.fabric.impl.lookup.ApiLookupImpl for mod fabric-api-lookup-api-v1 (key main)
[22:39:24] [main/DEBUG] (FabricLoader/Entrypoint) Registering new-style initializer net.fabricmc.fabric.impl.recipe.ingredient.client.CustomIngredientSyncClient for mod fabric-recipe-api-v1 (key client)
[22:39:24] [main/DEBUG] (FabricLoader/Entrypoint) Registering new-style initializer net.fabricmc.fabric.impl.recipe.ingredient.CustomIngredientInit for mod fabric-recipe-api-v1 (key main)
[22:39:24] [main/DEBUG] (FabricLoader/Entrypoint) Registering new-style initializer net.fabricmc.fabric.impl.recipe.ingredient.CustomIngredientSync for mod fabric-recipe-api-v1 (key main)
[22:39:24] [main/DEBUG] (FabricLoader/Entrypoint) Registering new-style initializer net.fabricmc.fabric.impl.command.v1.LegacyHandler for mod fabric-command-api-v1 (key main)
[22:39:24] [main/DEBUG] (FabricLoader/Entrypoint) Registering new-style initializer net.kyrptonaught.customportalapi.networking.NetworkManager for mod customportalapi (key server)
[22:39:24] [main/DEBUG] (FabricLoader/Entrypoint) Registering new-style initializer net.kyrptonaught.customportalapi.client.CustomPortalsModClient for mod customportalapi (key client)
[22:39:24] [main/DEBUG] (FabricLoader/Entrypoint) Registering new-style initializer net.kyrptonaught.customportalapi.CustomPortalsMod for mod customportalapi (key main)
[22:39:24] [main/INFO] (FabricLoader/Mixin) SpongePowered MIXIN Subsystem Version=0.8.7 Source=file:/Users/cr/.gradle/caches/modules-2/files-2.1/net.fabricmc/sponge-mixin/0.15.3+mixin.0.8.7/51ee0a44ab05f6fddd66b09e66b3a16904f9c55d/sponge-mixin-0.15.3+mixin.0.8.7.jar Service=Knot/Fabric Env=CLIENT
[22:39:24] [main/DEBUG] (FabricLoader/Mixin) Initialising Mixin Platform Manager
[22:39:24] [main/DEBUG] (FabricLoader/Mixin) Adding mixin platform agents for container ContainerHandleURI(file:///Users/cr/.gradle/caches/modules-2/files-2.1/net.fabricmc/fabric-loader/0.16.4/f00490b00ba8a901827259b7f126c5c31c0a9f09/fabric-loader-0.16.4.jar)
[22:39:24] [main/DEBUG] (FabricLoader/Mixin) Instancing new MixinPlatformAgentDefault for ContainerHandleURI(file:///Users/cr/.gradle/caches/modules-2/files-2.1/net.fabricmc/fabric-loader/0.16.4/f00490b00ba8a901827259b7f126c5c31c0a9f09/fabric-loader-0.16.4.jar)
[22:39:24] [main/DEBUG] (FabricLoader/Mixin) MixinPlatformAgentDefault accepted container ContainerHandleURI(file:///Users/cr/.gradle/caches/modules-2/files-2.1/net.fabricmc/fabric-loader/0.16.4/f00490b00ba8a901827259b7f126c5c31c0a9f09/fabric-loader-0.16.4.jar)
[22:39:24] [main/DEBUG] (FabricLoader/Mixin) Instancing new MixinPlatformAgentDefault for ContainerHandleURI(file:///Users/cr/.gradle/caches/modules-2/files-2.1/net.fabricmc/fabric-loader/0.16.4/f00490b00ba8a901827259b7f126c5c31c0a9f09/fabric-loader-0.16.4.jar)
[22:39:24] [main/DEBUG] (FabricLoader/Mixin) MixinPlatformAgentDefault accepted container ContainerHandleURI(file:///Users/cr/.gradle/caches/modules-2/files-2.1/net.fabricmc/fabric-loader/0.16.4/f00490b00ba8a901827259b7f126c5c31c0a9f09/fabric-loader-0.16.4.jar)
[22:39:24] [main/DEBUG] (FabricLoader/Mixin) Processing prepare() for PlatformAgent[MixinPlatformAgentDefault:ContainerHandleURI(file:///Users/cr/.gradle/caches/modules-2/files-2.1/net.fabricmc/fabric-loader/0.16.4/f00490b00ba8a901827259b7f126c5c31c0a9f09/fabric-loader-0.16.4.jar)]
[22:39:24] [main/DEBUG] (FabricLoader/Mixin) Processing prepare() for PlatformAgent[MixinPlatformAgentDefault:ContainerHandleURI(file:///Users/cr/.gradle/caches/modules-2/files-2.1/net.fabricmc/fabric-loader/0.16.4/f00490b00ba8a901827259b7f126c5c31c0a9f09/fabric-loader-0.16.4.jar)]
[22:39:24] [main/INFO] (FabricLoader/Mixin) Loaded Fabric development mappings for mixin remapper!
[22:39:24] [main/DEBUG] (FabricLoader/Mixin) Compatibility level JAVA_16 specified by fabric-containers-v0.mixins.json is higher than the maximum level supported by this version of mixin (JAVA_13).
[22:39:24] [main/INFO] (FabricLoader/Mixin) Compatibility level set to JAVA_16
[22:39:24] [main/DEBUG] (FabricLoader/Mixin) Mixin config fabric-containers-v0.mixins.json does not specify "minVersion" or "requiredFeatures" property
[22:39:24] [main/DEBUG] (FabricLoader/Mixin) Mixin config fabric-containers-v0.accurate.mixins.json does not specify "minVersion" or "requiredFeatures" property
[22:39:24] [main/DEBUG] (FabricLoader/Mixin) Mixin config fabric-renderer-api-v1.mixins.json does not specify "minVersion" or "requiredFeatures" property
[22:39:24] [main/DEBUG] (FabricLoader/Mixin) Mixin config fabric-renderer-api-v1.debughud.mixins.json does not specify "minVersion" or "requiredFeatures" property
[22:39:24] [main/DEBUG] (FabricLoader/Mixin) Mixin config fabric-mining-level-api-v1.mixins.json does not specify "minVersion" or "requiredFeatures" property
[22:39:24] [main/DEBUG] (FabricLoader/Mixin) Mixin config fabric-renderer-indigo.mixins.json does not specify "minVersion" or "requiredFeatures" property
[22:39:24] [main/DEBUG] (FabricLoader/Mixin) Mixin config fabric-entity-events-v1.mixins.json does not specify "minVersion" or "requiredFeatures" property
[22:39:24] [main/DEBUG] (FabricLoader/Mixin) Mixin config fabric-entity-events-v1.client.mixins.json does not specify "minVersion" or "requiredFeatures" property
[22:39:24] [main/DEBUG] (FabricLoader/Mixin) Mixin config fabric-resource-conditions-api-v1.mixins.json does not specify "minVersion" or "requiredFeatures" property
[22:39:24] [main/DEBUG] (FabricLoader/Mixin) Compatibility level JAVA_17 specified by fabric-block-view-api-v2.mixins.json is higher than the maximum level supported by this version of mixin (JAVA_13).
[22:39:24] [main/INFO] (FabricLoader/Mixin) Compatibility level set to JAVA_17
[22:39:24] [main/DEBUG] (FabricLoader/Mixin) Mixin config fabric-block-view-api-v2.mixins.json does not specify "minVersion" or "requiredFeatures" property
[22:39:24] [main/DEBUG] (FabricLoader/Mixin) Mixin config fabric-block-view-api-v2.client.mixins.json does not specify "minVersion" or "requiredFeatures" property
[22:39:24] [main/DEBUG] (FabricLoader/Mixin) Mixin config mixins.terraform-boats.json does not specify "minVersion" or "requiredFeatures" property
[22:39:24] [main/DEBUG] (FabricLoader/Mixin) Mixin config mixins.terraform-leaves.json does not specify "minVersion" or "requiredFeatures" property
[22:39:24] [main/DEBUG] (FabricLoader/Mixin) Mixin config mixins.terraform-signs.json does not specify "minVersion" or "requiredFeatures" property
[22:39:24] [main/DEBUG] (FabricLoader/Mixin) Mixin config mixins.terraform-wood.json does not specify "minVersion" or "requiredFeatures" property
[22:39:24] [main/DEBUG] (FabricLoader/Mixin) Compatibility level JAVA_16 specified by fabric-dimensions-v1.mixins.json is higher than the maximum level supported by this version of mixin (JAVA_13).
[22:39:24] [main/DEBUG] (FabricLoader/Mixin) Mixin config fabric-dimensions-v1.mixins.json does not specify "minVersion" or "requiredFeatures" property
[22:39:24] [main/DEBUG] (FabricLoader/Mixin) Compatibility level JAVA_16 specified by fabric-object-builder-v1.mixins.json is higher than the maximum level supported by this version of mixin (JAVA_13).
[22:39:24] [main/DEBUG] (FabricLoader/Mixin) Mixin config fabric-object-builder-v1.mixins.json does not specify "minVersion" or "requiredFeatures" property
[22:39:24] [main/DEBUG] (FabricLoader/Mixin) Compatibility level JAVA_16 specified by fabric-object-builder-v1.client.mixins.json is higher than the maximum level supported by this version of mixin (JAVA_13).
[22:39:24] [main/DEBUG] (FabricLoader/Mixin) Mixin config fabric-object-builder-v1.client.mixins.json does not specify "minVersion" or "requiredFeatures" property
[22:39:24] [main/DEBUG] (FabricLoader/Mixin) Mixin config fabric-model-loading-api-v1.mixins.json does not specify "minVersion" or "requiredFeatures" property
[22:39:24] [main/DEBUG] (FabricLoader/Mixin) Compatibility level JAVA_16 specified by fabric-screen-api-v1.mixins.json is higher than the maximum level supported by this version of mixin (JAVA_13).
[22:39:24] [main/DEBUG] (FabricLoader/Mixin) Mixin config fabric-screen-api-v1.mixins.json does not specify "minVersion" or "requiredFeatures" property
[22:39:24] [main/DEBUG] (FabricLoader/Mixin) Compatibility level JAVA_16 specified by fabric-particles-v1.client.mixins.json is higher than the maximum level supported by this version of mixin (JAVA_13).
[22:39:24] [main/DEBUG] (FabricLoader/Mixin) Mixin config fabric-particles-v1.client.mixins.json does not specify "minVersion" or "requiredFeatures" property
[22:39:24] [main/DEBUG] (FabricLoader/Mixin) Compatibility level JAVA_16 specified by fabric-lifecycle-events-v1.mixins.json is higher than the maximum level supported by this version of mixin (JAVA_13).
[22:39:24] [main/DEBUG] (FabricLoader/Mixin) Mixin config fabric-lifecycle-events-v1.mixins.json does not specify "minVersion" or "requiredFeatures" property
[22:39:24] [main/DEBUG] (FabricLoader/Mixin) Compatibility level JAVA_16 specified by fabric-lifecycle-events-v1.client.mixins.json is higher than the maximum level supported by this version of mixin (JAVA_13).
[22:39:24] [main/DEBUG] (FabricLoader/Mixin) Mixin config fabric-lifecycle-events-v1.client.mixins.json does not specify "minVersion" or "requiredFeatures" property
[22:39:24] [main/DEBUG] (FabricLoader/Mixin) Compatibility level JAVA_16 specified by fabric-command-api-v2.mixins.json is higher than the maximum level supported by this version of mixin (JAVA_13).
[22:39:24] [main/DEBUG] (FabricLoader/Mixin) Mixin config fabric-command-api-v2.mixins.json does not specify "minVersion" or "requiredFeatures" property
[22:39:24] [main/DEBUG] (FabricLoader/Mixin) Compatibility level JAVA_16 specified by fabric-command-api-v2.client.mixins.json is higher than the maximum level supported by this version of mixin (JAVA_13).
[22:39:24] [main/DEBUG] (FabricLoader/Mixin) Mixin config fabric-command-api-v2.client.mixins.json does not specify "minVersion" or "requiredFeatures" property
[22:39:24] [main/DEBUG] (FabricLoader/Mixin) Compatibility level JAVA_16 specified by fabric-gametest-api-v1.mixins.json is higher than the maximum level supported by this version of mixin (JAVA_13).
[22:39:24] [main/DEBUG] (FabricLoader/Mixin) Mixin config fabric-gametest-api-v1.mixins.json does not specify "minVersion" or "requiredFeatures" property
[22:39:24] [main/DEBUG] (FabricLoader/Mixin) Mixin config fabric-sound-api-v1.mixins.json does not specify "minVersion" or "requiredFeatures" property
[22:39:24] [main/DEBUG] (FabricLoader/Mixin) Compatibility level JAVA_16 specified by fabric-content-registries-v0.mixins.json is higher than the maximum level supported by this version of mixin (JAVA_13).
[22:39:24] [main/DEBUG] (FabricLoader/Mixin) Mixin config fabric-content-registries-v0.mixins.json does not specify "minVersion" or "requiredFeatures" property
[22:39:24] [main/DEBUG] (FabricLoader/Mixin) Mixin config efac.mixins.json does not specify "minVersion" or "requiredFeatures" property
[22:39:24] [main/DEBUG] (FabricLoader/Mixin) Compatibility level JAVA_16 specified by fabric-events-interaction-v0.mixins.json is higher than the maximum level supported by this version of mixin (JAVA_13).
[22:39:24] [main/DEBUG] (FabricLoader/Mixin) Mixin config fabric-events-interaction-v0.mixins.json does not specify "minVersion" or "requiredFeatures" property
[22:39:24] [main/DEBUG] (FabricLoader/Mixin) Compatibility level JAVA_16 specified by fabric-events-interaction-v0.client.mixins.json is higher than the maximum level supported by this version of mixin (JAVA_13).
[22:39:24] [main/DEBUG] (FabricLoader/Mixin) Mixin config fabric-events-interaction-v0.client.mixins.json does not specify "minVersion" or "requiredFeatures" property
[22:39:24] [main/DEBUG] (FabricLoader/Mixin) Compatibility level JAVA_16 specified by fabric-screen-handler-api-v1.mixins.json is higher than the maximum level supported by this version of mixin (JAVA_13).
[22:39:24] [main/DEBUG] (FabricLoader/Mixin) Mixin config fabric-screen-handler-api-v1.mixins.json does not specify "minVersion" or "requiredFeatures" property
[22:39:24] [main/DEBUG] (FabricLoader/Mixin) Compatibility level JAVA_16 specified by fabric-registry-sync-v0.mixins.json is higher than the maximum level supported by this version of mixin (JAVA_13).
[22:39:24] [main/DEBUG] (FabricLoader/Mixin) Mixin config fabric-registry-sync-v0.mixins.json does not specify "minVersion" or "requiredFeatures" property
[22:39:24] [main/DEBUG] (FabricLoader/Mixin) Compatibility level JAVA_16 specified by fabric-registry-sync-v0.client.mixins.json is higher than the maximum level supported by this version of mixin (JAVA_13).
[22:39:24] [main/DEBUG] (FabricLoader/Mixin) Mixin config fabric-registry-sync-v0.client.mixins.json does not specify "minVersion" or "requiredFeatures" property
[22:39:24] [main/DEBUG] (FabricLoader/Mixin) Compatibility level JAVA_16 specified by fabric-networking-api-v1.mixins.json is higher than the maximum level supported by this version of mixin (JAVA_13).
[22:39:24] [main/DEBUG] (FabricLoader/Mixin) Mixin config fabric-networking-api-v1.mixins.json does not specify "minVersion" or "requiredFeatures" property
[22:39:24] [main/DEBUG] (FabricLoader/Mixin) Compatibility level JAVA_16 specified by fabric-networking-api-v1.client.mixins.json is higher than the maximum level supported by this version of mixin (JAVA_13).
[22:39:24] [main/DEBUG] (FabricLoader/Mixin) Mixin config fabric-networking-api-v1.client.mixins.json does not specify "minVersion" or "requiredFeatures" property
[22:39:24] [main/DEBUG] (FabricLoader/Mixin) Compatibility level JAVA_16 specified by fabric-rendering-fluids-v1.mixins.json is higher than the maximum level supported by this version of mixin (JAVA_13).
[22:39:24] [main/DEBUG] (FabricLoader/Mixin) Mixin config fabric-rendering-fluids-v1.mixins.json does not specify "minVersion" or "requiredFeatures" property
[22:39:24] [main/DEBUG] (FabricLoader/Mixin) Compatibility level JAVA_16 specified by fabric-api-lookup-api-v1.mixins.json is higher than the maximum level supported by this version of mixin (JAVA_13).
[22:39:24] [main/DEBUG] (FabricLoader/Mixin) Mixin config fabric-api-lookup-api-v1.mixins.json does not specify "minVersion" or "requiredFeatures" property
[22:39:24] [main/DEBUG] (FabricLoader/Mixin) Compatibility level JAVA_16 specified by fabric-crash-report-info-v1.mixins.json is higher than the maximum level supported by this version of mixin (JAVA_13).
[22:39:24] [main/DEBUG] (FabricLoader/Mixin) Mixin config fabric-crash-report-info-v1.mixins.json does not specify "minVersion" or "requiredFeatures" property
[22:39:24] [main/DEBUG] (FabricLoader/Mixin) Compatibility level JAVA_16 specified by fabric-transfer-api-v1.mixins.json is higher than the maximum level supported by this version of mixin (JAVA_13).
[22:39:24] [main/DEBUG] (FabricLoader/Mixin) Mixin config fabric-transfer-api-v1.mixins.json does not specify "minVersion" or "requiredFeatures" property
[22:39:24] [main/DEBUG] (FabricLoader/Mixin) Compatibility level JAVA_16 specified by fabric-rendering-v1.mixins.json is higher than the maximum level supported by this version of mixin (JAVA_13).
[22:39:24] [main/DEBUG] (FabricLoader/Mixin) Mixin config fabric-rendering-v1.mixins.json does not specify "minVersion" or "requiredFeatures" property
[22:39:24] [main/DEBUG] (FabricLoader/Mixin) Compatibility level JAVA_16 specified by fabric-item-api-v1.mixins.json is higher than the maximum level supported by this version of mixin (JAVA_13).
[22:39:24] [main/DEBUG] (FabricLoader/Mixin) Mixin config fabric-item-api-v1.mixins.json does not specify "minVersion" or "requiredFeatures" property
[22:39:24] [main/DEBUG] (FabricLoader/Mixin) Compatibility level JAVA_16 specified by fabric-item-api-v1.client.mixins.json is higher than the maximum level supported by this version of mixin (JAVA_13).
[22:39:24] [main/DEBUG] (FabricLoader/Mixin) Mixin config fabric-item-api-v1.client.mixins.json does not specify "minVersion" or "requiredFeatures" property
[22:39:24] [main/DEBUG] (FabricLoader/Mixin) Compatibility level JAVA_16 specified by fabric-resource-loader-v0.mixins.json is higher than the maximum level supported by this version of mixin (JAVA_13).
[22:39:24] [main/DEBUG] (FabricLoader/Mixin) Mixin config fabric-resource-loader-v0.mixins.json does not specify "minVersion" or "requiredFeatures" property
[22:39:24] [main/DEBUG] (FabricLoader/Mixin) Compatibility level JAVA_16 specified by fabric-resource-loader-v0.client.mixins.json is higher than the maximum level supported by this version of mixin (JAVA_13).
[22:39:24] [main/DEBUG] (FabricLoader/Mixin) Mixin config fabric-resource-loader-v0.client.mixins.json does not specify "minVersion" or "requiredFeatures" property
[22:39:24] [main/DEBUG] (FabricLoader/Mixin) Mixin config fabric-recipe-api-v1.mixins.json does not specify "minVersion" or "requiredFeatures" property
[22:39:24] [main/DEBUG] (FabricLoader/Mixin) Compatibility level JAVA_16 specified by fabric-key-binding-api-v1.mixins.json is higher than the maximum level supported by this version of mixin (JAVA_13).
[22:39:24] [main/DEBUG] (FabricLoader/Mixin) Mixin config fabric-key-binding-api-v1.mixins.json does not specify "minVersion" or "requiredFeatures" property
[22:39:24] [main/DEBUG] (FabricLoader/Mixin) Mixin config fabric-block-api-v1.mixins.json does not specify "minVersion" or "requiredFeatures" property
[22:39:24] [main/DEBUG] (FabricLoader/Mixin) Mixin config fabric-item-group-api-v1.mixins.json does not specify "minVersion" or "requiredFeatures" property
[22:39:24] [main/DEBUG] (FabricLoader/Mixin) Mixin config fabric-item-group-api-v1.client.mixins.json does not specify "minVersion" or "requiredFeatures" property
[22:39:24] [main/DEBUG] (FabricLoader/Mixin) Compatibility level JAVA_16 specified by fabric-message-api-v1.mixins.json is higher than the maximum level supported by this version of mixin (JAVA_13).
[22:39:24] [main/DEBUG] (FabricLoader/Mixin) Mixin config fabric-message-api-v1.mixins.json does not specify "minVersion" or "requiredFeatures" property
[22:39:24] [main/DEBUG] (FabricLoader/Mixin) Mixin config fabric-message-api-v1.client.mixins.json does not specify "minVersion" or "requiredFeatures" property
[22:39:24] [main/DEBUG] (FabricLoader/Mixin) Compatibility level JAVA_16 specified by fabric-data-generation-api-v1.mixins.json is higher than the maximum level supported by this version of mixin (JAVA_13).
[22:39:24] [main/DEBUG] (FabricLoader/Mixin) Mixin config fabric-data-generation-api-v1.mixins.json does not specify "minVersion" or "requiredFeatures" property
[22:39:24] [main/DEBUG] (FabricLoader/Mixin) Compatibility level JAVA_16 specified by fabric-data-generation-api-v1.client.mixins.json is higher than the maximum level supported by this version of mixin (JAVA_13).
[22:39:24] [main/DEBUG] (FabricLoader/Mixin) Mixin config fabric-data-generation-api-v1.client.mixins.json does not specify "minVersion" or "requiredFeatures" property
[22:39:24] [main/DEBUG] (FabricLoader/Mixin) Compatibility level JAVA_16 specified by fabric-biome-api-v1.mixins.json is higher than the maximum level supported by this version of mixin (JAVA_13).
[22:39:24] [main/DEBUG] (FabricLoader/Mixin) Mixin config fabric-biome-api-v1.mixins.json does not specify "minVersion" or "requiredFeatures" property
[22:39:24] [main/DEBUG] (FabricLoader/Mixin) Mixin config fabric-loot-api-v2.mixins.json does not specify "minVersion" or "requiredFeatures" property
[22:39:24] [main/DEBUG] (FabricLoader/Mixin) Mixin config fabric-rendering-data-attachment-v1.mixins.json does not specify "minVersion" or "requiredFeatures" property
[22:39:24] [main/DEBUG] (FabricLoader/Mixin) Mixin config fabric-rendering-data-attachment-v1.client.mixins.json does not specify "minVersion" or "requiredFeatures" property
[22:39:24] [main/DEBUG] (FabricLoader/Mixin) Compatibility level JAVA_16 specified by fabric-blockrenderlayer-v1.mixins.json is higher than the maximum level supported by this version of mixin (JAVA_13).
[22:39:24] [main/DEBUG] (FabricLoader/Mixin) Mixin config fabric-blockrenderlayer-v1.mixins.json does not specify "minVersion" or "requiredFeatures" property
[22:39:24] [main/DEBUG] (FabricLoader/Mixin) Compatibility level JAVA_16 specified by fabric-game-rule-api-v1.mixins.json is higher than the maximum level supported by this version of mixin (JAVA_13).
[22:39:24] [main/DEBUG] (FabricLoader/Mixin) Mixin config fabric-game-rule-api-v1.mixins.json does not specify "minVersion" or "requiredFeatures" property
[22:39:24] [main/DEBUG] (FabricLoader/Mixin) Compatibility level JAVA_16 specified by fabric-game-rule-api-v1.client.mixins.json is higher than the maximum level supported by this version of mixin (JAVA_13).
[22:39:24] [main/DEBUG] (FabricLoader/Mixin) Mixin config fabric-game-rule-api-v1.client.mixins.json does not specify "minVersion" or "requiredFeatures" property
[22:39:24] [main/DEBUG] (FabricLoader/Knot) Adding /Users/cr/st/fabric-efac-1.20.2/.gradle/loom-cache/minecraftMaven/net/minecraft/minecraft-merged-96a6bf125f/1.20.2-net.fabricmc.yarn.1_20_2.1.20.2+build.4-v2/minecraft-merged-96a6bf125f-1.20.2-net.fabricmc.yarn.1_20_2.1.20.2+build.4-v2.jar to classpath.
[22:39:24] [main/DEBUG] (FabricLoader/Knot) Adding /Users/cr/st/fabric-efac-1.20.2/build/classes/java/main to classpath.
[22:39:24] [main/DEBUG] (FabricLoader/Knot) Adding /Users/cr/st/fabric-efac-1.20.2/build/resources/main to classpath.
[22:39:24] [main/DEBUG] (FabricLoader/Knot) Adding /Users/cr/.gradle/caches/fabric-loom/1.20.2/net.fabricmc.yarn.1_20_2.1.20.2+build.4-v2/mappings.jar to classpath.
[22:39:24] [main/DEBUG] (FabricLoader/Knot) Adding /Users/cr/.gradle/caches/modules-2/files-2.1/io.github.llamalad7/mixinextras-fabric/0.4.1/8d1a9e96afb990367fa1f904d17580d164da72e3/mixinextras-fabric-0.4.1.jar to classpath.
[22:39:24] [main/DEBUG] (FabricLoader/Knot) Adding /Users/cr/.gradle/caches/modules-2/files-2.1/net.fabricmc/dev-launch-injector/0.2.1+build.8/da8bef7e6e2f952da707f282bdb46882a0fce5e3/dev-launch-injector-0.2.1+build.8.jar to classpath.
[22:39:24] [main/DEBUG] (FabricLoader/Knot) Adding /Users/cr/.gradle/caches/modules-2/files-2.1/ca.weblite/java-objc-bridge/1.1/1227f9e0666314f9de41477e3ec277e542ed7f7b/java-objc-bridge-1.1.jar to classpath.
[22:39:24] [main/DEBUG] (FabricLoader/Knot) Adding /Users/cr/.gradle/caches/modules-2/files-2.1/com.github.oshi/oshi-core/6.4.5/943ba26de047eb6b28fff47f5ee939a34eb5fc8e/oshi-core-6.4.5.jar to classpath.
[22:39:24] [main/DEBUG] (FabricLoader/Knot) Adding /Users/cr/.gradle/caches/modules-2/files-2.1/com.google.guava/failureaccess/1.0.1/1dcf1de382a0bf95a3d8b0849546c88bac1292c9/failureaccess-1.0.1.jar to classpath.
[22:39:24] [main/DEBUG] (FabricLoader/Knot) Adding /Users/cr/.gradle/caches/modules-2/files-2.1/com.google.guava/guava/32.1.2-jre/5e64ec7e056456bef3a4bc4c6fdaef71e8ab6318/guava-32.1.2-jre.jar to classpath.
[22:39:24] [main/DEBUG] (FabricLoader/Knot) Adding /Users/cr/.gradle/caches/modules-2/files-2.1/com.ibm.icu/icu4j/73.2/61ad4ef7f9131fcf6d25c34b817f90d6da06c9e9/icu4j-73.2.jar to classpath.
[22:39:24] [main/DEBUG] (FabricLoader/Knot) Adding /Users/cr/.gradle/caches/modules-2/files-2.1/com.mojang/blocklist/1.0.10/5c685c5ffa94c4cd39496c7184c1d122e515ecef/blocklist-1.0.10.jar to classpath.
[22:39:24] [main/DEBUG] (FabricLoader/Knot) Adding /Users/cr/.gradle/caches/modules-2/files-2.1/com.mojang/brigadier/1.1.8/5244ce82c3337bba4a196a3ce858bfaecc74404a/brigadier-1.1.8.jar to classpath.
[22:39:24] [main/DEBUG] (FabricLoader/Knot) Adding /Users/cr/.gradle/caches/modules-2/files-2.1/com.mojang/datafixerupper/6.0.8/3ba4a30557a9b057760af4011f909ba619fc5125/datafixerupper-6.0.8.jar to classpath.
[22:39:24] [main/DEBUG] (FabricLoader/Knot) Adding /Users/cr/.gradle/caches/modules-2/files-2.1/com.mojang/patchy/2.2.10/da05971b07cbb379d002cf7eaec6a2048211fefc/patchy-2.2.10.jar to classpath.
[22:39:24] [main/DEBUG] (FabricLoader/Knot) Adding /Users/cr/.gradle/caches/modules-2/files-2.1/com.mojang/text2speech/1.17.9/3cad216e3a7f0c19b4b394388bc9ffc446f13b14/text2speech-1.17.9.jar to classpath.
[22:39:24] [main/DEBUG] (FabricLoader/Knot) Adding /Users/cr/.gradle/caches/modules-2/files-2.1/commons-codec/commons-codec/1.16.0/4e3eb3d79888d76b54e28b350915b5dc3919c9de/commons-codec-1.16.0.jar to classpath.
[22:39:24] [main/DEBUG] (FabricLoader/Knot) Adding /Users/cr/.gradle/caches/modules-2/files-2.1/commons-io/commons-io/2.13.0/8bb2bc9b4df17e2411533a0708a69f983bf5e83b/commons-io-2.13.0.jar to classpath.
[22:39:24] [main/DEBUG] (FabricLoader/Knot) Adding /Users/cr/.gradle/caches/modules-2/files-2.1/commons-logging/commons-logging/1.2/4bfc12adfe4842bf07b657f0369c4cb522955686/commons-logging-1.2.jar to classpath.
[22:39:24] [main/DEBUG] (FabricLoader/Knot) Adding /Users/cr/.gradle/caches/modules-2/files-2.1/io.netty/netty-buffer/4.1.97.Final/f8f3d8644afa5e6e1a40a3a6aeb9d9aa970ecb4f/netty-buffer-4.1.97.Final.jar to classpath.
[22:39:24] [main/DEBUG] (FabricLoader/Knot) Adding /Users/cr/.gradle/caches/modules-2/files-2.1/io.netty/netty-codec/4.1.97.Final/384ba4d75670befbedb45c4d3b497a93639c206d/netty-codec-4.1.97.Final.jar to classpath.
[22:39:24] [main/DEBUG] (FabricLoader/Knot) Adding /Users/cr/.gradle/caches/modules-2/files-2.1/io.netty/netty-common/4.1.97.Final/7cceacaf11df8dc63f23d0fb58e9d4640fc88404/netty-common-4.1.97.Final.jar to classpath.
[22:39:24] [main/DEBUG] (FabricLoader/Knot) Adding /Users/cr/.gradle/caches/modules-2/files-2.1/io.netty/netty-handler/4.1.97.Final/abb86c6906bf512bf2b797a41cd7d2e8d3cd7c36/netty-handler-4.1.97.Final.jar to classpath.
[22:39:24] [main/DEBUG] (FabricLoader/Knot) Adding /Users/cr/.gradle/caches/modules-2/files-2.1/io.netty/netty-resolver/4.1.97.Final/cec8348108dc76c47cf87c669d514be52c922144/netty-resolver-4.1.97.Final.jar to classpath.
[22:39:24] [main/DEBUG] (FabricLoader/Knot) Adding /Users/cr/.gradle/caches/modules-2/files-2.1/io.netty/netty-transport-classes-epoll/4.1.97.Final/795da37ded759e862457a82d9d92c4d39ce8ecee/netty-transport-classes-epoll-4.1.97.Final.jar to classpath.
[22:39:24] [main/DEBUG] (FabricLoader/Knot) Adding /Users/cr/.gradle/caches/modules-2/files-2.1/io.netty/netty-transport-native-unix-common/4.1.97.Final/d469d84265ab70095b01b40886cabdd433b6e664/netty-transport-native-unix-common-4.1.97.Final.jar to classpath.
[22:39:24] [main/DEBUG] (FabricLoader/Knot) Adding /Users/cr/.gradle/caches/modules-2/files-2.1/io.netty/netty-transport/4.1.97.Final/f37380d23c9bb079bc702910833b2fd532c9abd0/netty-transport-4.1.97.Final.jar to classpath.
[22:39:24] [main/DEBUG] (FabricLoader/Knot) Adding /Users/cr/.gradle/caches/modules-2/files-2.1/it.unimi.dsi/fastutil/8.5.12/c24946d46824bd528054bface3231d2ecb7e95e8/fastutil-8.5.12.jar to classpath.
[22:39:24] [main/DEBUG] (FabricLoader/Knot) Adding /Users/cr/.gradle/caches/modules-2/files-2.1/net.java.dev.jna/jna-platform/5.13.0/88e9a306715e9379f3122415ef4ae759a352640d/jna-platform-5.13.0.jar to classpath.
[22:39:24] [main/DEBUG] (FabricLoader/Knot) Adding /Users/cr/.gradle/caches/modules-2/files-2.1/net.java.dev.jna/jna/5.13.0/1200e7ebeedbe0d10062093f32925a912020e747/jna-5.13.0.jar to classpath.
[22:39:24] [main/DEBUG] (FabricLoader/Knot) Adding /Users/cr/.gradle/caches/modules-2/files-2.1/net.sf.jopt-simple/jopt-simple/5.0.4/4fdac2fbe92dfad86aa6e9301736f6b4342a3f5c/jopt-simple-5.0.4.jar to classpath.
[22:39:24] [main/DEBUG] (FabricLoader/Knot) Adding /Users/cr/.gradle/caches/modules-2/files-2.1/org.apache.commons/commons-compress/1.22/691a8b4e6cf4248c3bc72c8b719337d5cb7359fa/commons-compress-1.22.jar to classpath.
[22:39:24] [main/DEBUG] (FabricLoader/Knot) Adding /Users/cr/.gradle/caches/modules-2/files-2.1/org.apache.commons/commons-lang3/3.13.0/b7263237aa89c1f99b327197c41d0669707a462e/commons-lang3-3.13.0.jar to classpath.
[22:39:24] [main/DEBUG] (FabricLoader/Knot) Adding /Users/cr/.gradle/caches/modules-2/files-2.1/org.apache.httpcomponents/httpclient/4.5.13/e5f6cae5ca7ecaac1ec2827a9e2d65ae2869cada/httpclient-4.5.13.jar to classpath.
[22:39:24] [main/DEBUG] (FabricLoader/Knot) Adding /Users/cr/.gradle/caches/modules-2/files-2.1/org.apache.httpcomponents/httpcore/4.4.16/51cf043c87253c9f58b539c9f7e44c8894223850/httpcore-4.4.16.jar to classpath.
[22:39:24] [main/DEBUG] (FabricLoader/Knot) Adding /Users/cr/.gradle/caches/modules-2/files-2.1/org.joml/joml/1.10.5/22566d58af70ad3d72308bab63b8339906deb649/joml-1.10.5.jar to classpath.
[22:39:24] [main/DEBUG] (FabricLoader/Knot) Adding /Users/cr/.gradle/caches/modules-2/files-2.1/org.lwjgl/lwjgl-glfw/3.3.2/757920418805fb90bfebb3d46b1d9e7669fca2eb/lwjgl-glfw-3.3.2.jar to classpath.
[22:39:24] [main/DEBUG] (FabricLoader/Knot) Adding /Users/cr/.gradle/caches/modules-2/files-2.1/org.lwjgl/lwjgl-glfw/3.3.2/8223ba1b757c43624f03b09ab9d9228c7f6db001/lwjgl-glfw-3.3.2-natives-macos.jar to classpath.
[22:39:24] [main/DEBUG] (FabricLoader/Knot) Adding /Users/cr/.gradle/caches/modules-2/files-2.1/org.lwjgl/lwjgl-glfw/3.3.2/7e35644de1bf324ca9b7d52acd6e0b8d9a6da4ad/lwjgl-glfw-3.3.2-natives-macos-arm64.jar to classpath.
[22:39:24] [main/DEBUG] (FabricLoader/Knot) Adding /Users/cr/.gradle/caches/modules-2/files-2.1/org.lwjgl/lwjgl-jemalloc/3.3.2/877e17e39ebcd58a9c956dc3b5b777813de0873a/lwjgl-jemalloc-3.3.2.jar to classpath.
[22:39:24] [main/DEBUG] (FabricLoader/Knot) Adding /Users/cr/.gradle/caches/modules-2/files-2.1/org.lwjgl/lwjgl-jemalloc/3.3.2/959ea96ea27cd1ee45943123140fdb55c49e961f/lwjgl-jemalloc-3.3.2-natives-macos.jar to classpath.
[22:39:24] [main/DEBUG] (FabricLoader/Knot) Adding /Users/cr/.gradle/caches/modules-2/files-2.1/org.lwjgl/lwjgl-jemalloc/3.3.2/fe75e1cad7ac1f7af4a071c4b83e39d11b65a1cc/lwjgl-jemalloc-3.3.2-natives-macos-arm64.jar to classpath.
[22:39:24] [main/DEBUG] (FabricLoader/Knot) Adding /Users/cr/.gradle/caches/modules-2/files-2.1/org.lwjgl/lwjgl-openal/3.3.2/ae5357ed6d934546d3533993ea84c0cfb75eed95/lwjgl-openal-3.3.2.jar to classpath.
[22:39:24] [main/DEBUG] (FabricLoader/Knot) Adding /Users/cr/.gradle/caches/modules-2/files-2.1/org.lwjgl/lwjgl-openal/3.3.2/56fa16d15039142634e3a6d97d638b56679be821/lwjgl-openal-3.3.2-natives-macos.jar to classpath.
[22:39:24] [main/DEBUG] (FabricLoader/Knot) Adding /Users/cr/.gradle/caches/modules-2/files-2.1/org.lwjgl/lwjgl-openal/3.3.2/7b43d16069bdabc9ca0923ec8756a51c5d61cb75/lwjgl-openal-3.3.2-natives-macos-arm64.jar to classpath.
[22:39:24] [main/DEBUG] (FabricLoader/Knot) Adding /Users/cr/.gradle/caches/modules-2/files-2.1/org.lwjgl/lwjgl-opengl/3.3.2/ee8e95be0b438602038bc1f02dc5e3d011b1b216/lwjgl-opengl-3.3.2.jar to classpath.
[22:39:24] [main/DEBUG] (FabricLoader/Knot) Adding /Users/cr/.gradle/caches/modules-2/files-2.1/org.lwjgl/lwjgl-opengl/3.3.2/5141389ca737369f317b1288a570534c40db9cf/lwjgl-opengl-3.3.2-natives-macos.jar to classpath.
[22:39:24] [main/DEBUG] (FabricLoader/Knot) Adding /Users/cr/.gradle/caches/modules-2/files-2.1/org.lwjgl/lwjgl-opengl/3.3.2/baadfd67936dcd7e0334dd3a9cf8dd13a0bcb009/lwjgl-opengl-3.3.2-natives-macos-arm64.jar to classpath.
[22:39:24] [main/DEBUG] (FabricLoader/Knot) Adding /Users/cr/.gradle/caches/modules-2/files-2.1/org.lwjgl/lwjgl-stb/3.3.2/a2550795014d622b686e9caac50b14baa87d2c70/lwjgl-stb-3.3.2.jar to classpath.
[22:39:24] [main/DEBUG] (FabricLoader/Knot) Adding /Users/cr/.gradle/caches/modules-2/files-2.1/org.lwjgl/lwjgl-stb/3.3.2/61614cb49cee0b95587893a36bd72f63ab815c82/lwjgl-stb-3.3.2-natives-macos.jar to classpath.
[22:39:24] [main/DEBUG] (FabricLoader/Knot) Adding /Users/cr/.gradle/caches/modules-2/files-2.1/org.lwjgl/lwjgl-stb/3.3.2/db49f0f76e8377520b625c688cd45aacb3dcdc9b/lwjgl-stb-3.3.2-natives-macos-arm64.jar to classpath.
[22:39:24] [main/DEBUG] (FabricLoader/Knot) Adding /Users/cr/.gradle/caches/modules-2/files-2.1/org.lwjgl/lwjgl-tinyfd/3.3.2/9f65c248dd77934105274fcf8351abb75b34327c/lwjgl-tinyfd-3.3.2.jar to classpath.
[22:39:24] [main/DEBUG] (FabricLoader/Knot) Adding /Users/cr/.gradle/caches/modules-2/files-2.1/org.lwjgl/lwjgl-tinyfd/3.3.2/ce88dcda2fffe5d912de8ea1dabd68490a8f8471/lwjgl-tinyfd-3.3.2-natives-macos.jar to classpath.
[22:39:24] [main/DEBUG] (FabricLoader/Knot) Adding /Users/cr/.gradle/caches/modules-2/files-2.1/org.lwjgl/lwjgl-tinyfd/3.3.2/b4aa34d244c75bcbb78d6cdb0b41200348da330/lwjgl-tinyfd-3.3.2-natives-macos-arm64.jar to classpath.
[22:39:24] [main/DEBUG] (FabricLoader/Knot) Adding /Users/cr/.gradle/caches/modules-2/files-2.1/org.lwjgl/lwjgl/3.3.2/4421d94af68e35dcaa31737a6fc59136a1e61b94/lwjgl-3.3.2.jar to classpath.
[22:39:24] [main/DEBUG] (FabricLoader/Knot) Adding /Users/cr/.gradle/caches/modules-2/files-2.1/org.lwjgl/lwjgl/3.3.2/3256dce7fa36d6b572afa5e5730f532cf987f3bf/lwjgl-3.3.2-natives-macos.jar to classpath.
[22:39:24] [main/DEBUG] (FabricLoader/Knot) Adding /Users/cr/.gradle/caches/modules-2/files-2.1/org.lwjgl/lwjgl/3.3.2/319eea74a8829ce92fd54ce7c684b6b6557c05bb/lwjgl-3.3.2-natives-macos-arm64.jar to classpath.
[22:39:24] [main/DEBUG] (FabricLoader/Knot) Adding /Users/cr/.gradle/caches/modules-2/files-2.1/io.netty/netty-transport-native-epoll/4.1.97.Final/54188f271e388e7f313aea995e82f58ce2cdb809/netty-transport-native-epoll-4.1.97.Final-linux-x86_64.jar to classpath.
[22:39:24] [main/DEBUG] (FabricLoader/Knot) Adding /Users/cr/.gradle/caches/modules-2/files-2.1/io.netty/netty-transport-native-epoll/4.1.97.Final/5514744c588190ffda076b35a9b8c9f24946a960/netty-transport-native-epoll-4.1.97.Final-linux-aarch_64.jar to classpath.
[22:39:24] [main/DEBUG] (FabricLoader/Knot) Adding /Users/cr/.gradle/caches/modules-2/files-2.1/com.google.code.findbugs/jsr305/3.0.1/f7be08ec23c21485b9b5a1cf1654c2ec8c58168d/jsr305-3.0.1.jar to classpath.
[22:39:24] [main/DEBUG] (FabricLoader/Knot) Adding /Users/cr/.gradle/caches/modules-2/files-2.1/com.electronwill.night-config/toml/3.6.4/51d6cefb2b55ee55ee26b16391212fb2c7dfb4f4/toml-3.6.4.jar to classpath.
[22:39:24] [main/DEBUG] (FabricLoader/Knot) Adding /Users/cr/.gradle/caches/modules-2/files-2.1/com.electronwill.night-config/core/3.6.4/510f174abbf1c947494db50ef2445683bd52c230/core-3.6.4.jar to classpath.
[22:39:24] [main/DEBUG] (FabricLoader/Knot) Adding /Users/cr/st/fabric-efac-1.20.2/.gradle/loom-cache/remapped_mods/net_fabricmc_yarn_1_20_2_1_20_2_build_4_v2/com/terraformersmc/terraform-api/terraform-wood-api-v1/7.0.1/terraform-wood-api-v1-7.0.1.jar to classpath.
[22:39:24] [main/DEBUG] (FabricLoader/Knot) Adding /Users/cr/st/fabric-efac-1.20.2/.gradle/loom-cache/remapped_mods/net_fabricmc_yarn_1_20_2_1_20_2_build_4_v2/com/github/glitchfiend/TerraBlender-fabric/1.20.2-3.0.0.170/TerraBlender-fabric-1.20.2-3.0.0.170.jar to classpath.
[22:39:24] [main/DEBUG] (FabricLoader/Knot) Adding /Users/cr/st/fabric-efac-1.20.2/.gradle/loom-cache/remapped_mods/net_fabricmc_yarn_1_20_2_1_20_2_build_4_v2/net/kyrptonaught/customportalapi/0.0.1-beta64-1.20.2/customportalapi-0.0.1-beta64-1.20.2.jar to classpath.
[22:39:24] [main/DEBUG] (FabricLoader/Knot) Adding /Users/cr/st/fabric-efac-1.20.2/.gradle/loom-cache/remapped_mods/net_fabricmc_yarn_1_20_2_1_20_2_build_4_v2/net/fabricmc/fabric-api/fabric-api/0.91.6+1.20.2/fabric-api-0.91.6+1.20.2.jar to classpath.
[22:39:24] [main/DEBUG] (FabricLoader/Knot) Adding /Users/cr/st/fabric-efac-1.20.2/.gradle/loom-cache/remapped_mods/net_fabricmc_yarn_1_20_2_1_20_2_build_4_v2/net/fabricmc/fabric-api/fabric-transfer-api-v1/3.3.13+4944b5a5a0/fabric-transfer-api-v1-3.3.13+4944b5a5a0.jar to classpath.
[22:39:24] [main/DEBUG] (FabricLoader/Knot) Adding /Users/cr/st/fabric-efac-1.20.2/.gradle/loom-cache/remapped_mods/net_fabricmc_yarn_1_20_2_1_20_2_build_4_v2/net/fabricmc/fabric-api/fabric-api-lookup-api-v1/1.6.43+b1792f7da0/fabric-api-lookup-api-v1-1.6.43+b1792f7da0.jar to classpath.
[22:39:24] [main/DEBUG] (FabricLoader/Knot) Adding /Users/cr/st/fabric-efac-1.20.2/.gradle/loom-cache/remapped_mods/net_fabricmc_yarn_1_20_2_1_20_2_build_4_v2/net/fabricmc/fabric-api/fabric-blockrenderlayer-v1/1.1.43+f4b7e424a0/fabric-blockrenderlayer-v1-1.1.43+f4b7e424a0.jar to classpath.
[22:39:24] [main/DEBUG] (FabricLoader/Knot) Adding /Users/cr/st/fabric-efac-1.20.2/.gradle/loom-cache/remapped_mods/net_fabricmc_yarn_1_20_2_1_20_2_build_4_v2/net/fabricmc/fabric-api/fabric-client-tags-api-v1/1.1.4+86b12645a0/fabric-client-tags-api-v1-1.1.4+86b12645a0.jar to classpath.
[22:39:24] [main/DEBUG] (FabricLoader/Knot) Adding /Users/cr/st/fabric-efac-1.20.2/.gradle/loom-cache/remapped_mods/net_fabricmc_yarn_1_20_2_1_20_2_build_4_v2/net/fabricmc/fabric-api/fabric-command-api-v1/1.2.37+f71b366fa0/fabric-command-api-v1-1.2.37+f71b366fa0.jar to classpath.
[22:39:24] [main/DEBUG] (FabricLoader/Knot) Adding /Users/cr/st/fabric-efac-1.20.2/.gradle/loom-cache/remapped_mods/net_fabricmc_yarn_1_20_2_1_20_2_build_4_v2/net/fabricmc/fabric-api/fabric-commands-v0/0.2.54+df3654b3a0/fabric-commands-v0-0.2.54+df3654b3a0.jar to classpath.
[22:39:24] [main/DEBUG] (FabricLoader/Knot) Adding /Users/cr/st/fabric-efac-1.20.2/.gradle/loom-cache/remapped_mods/net_fabricmc_yarn_1_20_2_1_20_2_build_4_v2/net/fabricmc/fabric-api/fabric-command-api-v2/2.2.16+b1792f7da0/fabric-command-api-v2-2.2.16+b1792f7da0.jar to classpath.
[22:39:24] [main/DEBUG] (FabricLoader/Knot) Adding /Users/cr/st/fabric-efac-1.20.2/.gradle/loom-cache/remapped_mods/net_fabricmc_yarn_1_20_2_1_20_2_build_4_v2/net/fabricmc/fabric-api/fabric-content-registries-v0/5.0.6+b1792f7da0/fabric-content-registries-v0-5.0.6+b1792f7da0.jar to classpath.
[22:39:24] [main/DEBUG] (FabricLoader/Knot) Adding /Users/cr/st/fabric-efac-1.20.2/.gradle/loom-cache/remapped_mods/net_fabricmc_yarn_1_20_2_1_20_2_build_4_v2/net/fabricmc/fabric-api/fabric-convention-tags-v1/1.5.8+b1792f7da0/fabric-convention-tags-v1-1.5.8+b1792f7da0.jar to classpath.
[22:39:24] [main/DEBUG] (FabricLoader/Knot) Adding /Users/cr/st/fabric-efac-1.20.2/.gradle/loom-cache/remapped_mods/net_fabricmc_yarn_1_20_2_1_20_2_build_4_v2/net/fabricmc/fabric-api/fabric-data-generation-api-v1/13.1.11+b1792f7da0/fabric-data-generation-api-v1-13.1.11+b1792f7da0.jar to classpath.
[22:39:24] [main/DEBUG] (FabricLoader/Knot) Adding /Users/cr/st/fabric-efac-1.20.2/.gradle/loom-cache/remapped_mods/net_fabricmc_yarn_1_20_2_1_20_2_build_4_v2/net/fabricmc/fabric-api/fabric-dimensions-v1/2.1.57+b1792f7da0/fabric-dimensions-v1-2.1.57+b1792f7da0.jar to classpath.
[22:39:24] [main/DEBUG] (FabricLoader/Knot) Adding /Users/cr/st/fabric-efac-1.20.2/.gradle/loom-cache/remapped_mods/net_fabricmc_yarn_1_20_2_1_20_2_build_4_v2/net/fabricmc/fabric-api/fabric-entity-events-v1/1.5.26+b1792f7da0/fabric-entity-events-v1-1.5.26+b1792f7da0.jar to classpath.
[22:39:24] [main/DEBUG] (FabricLoader/Knot) Adding /Users/cr/st/fabric-efac-1.20.2/.gradle/loom-cache/remapped_mods/net_fabricmc_yarn_1_20_2_1_20_2_build_4_v2/net/fabricmc/fabric-api/fabric-events-interaction-v0/0.6.10+b1792f7da0/fabric-events-interaction-v0-0.6.10+b1792f7da0.jar to classpath.
[22:39:24] [main/DEBUG] (FabricLoader/Knot) Adding /Users/cr/st/fabric-efac-1.20.2/.gradle/loom-cache/remapped_mods/net_fabricmc_yarn_1_20_2_1_20_2_build_4_v2/net/fabricmc/fabric-api/fabric-gametest-api-v1/1.2.16+b1792f7da0/fabric-gametest-api-v1-1.2.16+b1792f7da0.jar to classpath.
[22:39:24] [main/DEBUG] (FabricLoader/Knot) Adding /Users/cr/st/fabric-efac-1.20.2/.gradle/loom-cache/remapped_mods/net_fabricmc_yarn_1_20_2_1_20_2_build_4_v2/net/fabricmc/fabric-api/fabric-events-lifecycle-v0/0.2.70+df3654b3a0/fabric-events-lifecycle-v0-0.2.70+df3654b3a0.jar to classpath.
[22:39:24] [main/DEBUG] (FabricLoader/Knot) Adding /Users/cr/st/fabric-efac-1.20.2/.gradle/loom-cache/remapped_mods/net_fabricmc_yarn_1_20_2_1_20_2_build_4_v2/net/fabricmc/fabric-api/fabric-item-api-v1/2.1.33+b1792f7da0/fabric-item-api-v1-2.1.33+b1792f7da0.jar to classpath.
[22:39:24] [main/DEBUG] (FabricLoader/Knot) Adding /Users/cr/st/fabric-efac-1.20.2/.gradle/loom-cache/remapped_mods/net_fabricmc_yarn_1_20_2_1_20_2_build_4_v2/net/fabricmc/fabric-api/fabric-item-group-api-v1/4.0.15+e3d2bf3fa0/fabric-item-group-api-v1-4.0.15+e3d2bf3fa0.jar to classpath.
[22:39:24] [main/DEBUG] (FabricLoader/Knot) Adding /Users/cr/st/fabric-efac-1.20.2/.gradle/loom-cache/remapped_mods/net_fabricmc_yarn_1_20_2_1_20_2_build_4_v2/net/fabricmc/fabric-api/fabric-mining-level-api-v1/2.1.56+f4b7e424a0/fabric-mining-level-api-v1-2.1.56+f4b7e424a0.jar to classpath.
[22:39:24] [main/DEBUG] (FabricLoader/Knot) Adding /Users/cr/st/fabric-efac-1.20.2/.gradle/loom-cache/remapped_mods/net_fabricmc_yarn_1_20_2_1_20_2_build_4_v2/net/fabricmc/fabric-api/fabric-lifecycle-events-v1/2.2.28+c8b10480a0/fabric-lifecycle-events-v1-2.2.28+c8b10480a0.jar to classpath.
[22:39:24] [main/DEBUG] (FabricLoader/Knot) Adding /Users/cr/st/fabric-efac-1.20.2/.gradle/loom-cache/remapped_mods/net_fabricmc_yarn_1_20_2_1_20_2_build_4_v2/net/fabricmc/fabric-api/fabric-loot-api-v2/2.1.1+3ba460fba0/fabric-loot-api-v2-2.1.1+3ba460fba0.jar to classpath.
[22:39:24] [main/DEBUG] (FabricLoader/Knot) Adding /Users/cr/st/fabric-efac-1.20.2/.gradle/loom-cache/remapped_mods/net_fabricmc_yarn_1_20_2_1_20_2_build_4_v2/net/fabricmc/fabric-api/fabric-message-api-v1/6.0.2+e3d2bf3fa0/fabric-message-api-v1-6.0.2+e3d2bf3fa0.jar to classpath.
[22:39:24] [main/DEBUG] (FabricLoader/Knot) Adding /Users/cr/st/fabric-efac-1.20.2/.gradle/loom-cache/remapped_mods/net_fabricmc_yarn_1_20_2_1_20_2_build_4_v2/net/fabricmc/fabric-api/fabric-models-v0/0.4.5+9386d8a7a0/fabric-models-v0-0.4.5+9386d8a7a0.jar to classpath.
[22:39:24] [main/DEBUG] (FabricLoader/Knot) Adding /Users/cr/st/fabric-efac-1.20.2/.gradle/loom-cache/remapped_mods/net_fabricmc_yarn_1_20_2_1_20_2_build_4_v2/net/fabricmc/fabric-api/fabric-model-loading-api-v1/1.0.6+b1792f7da0/fabric-model-loading-api-v1-1.0.6+b1792f7da0.jar to classpath.
[22:39:24] [main/DEBUG] (FabricLoader/Knot) Adding /Users/cr/st/fabric-efac-1.20.2/.gradle/loom-cache/remapped_mods/net_fabricmc_yarn_1_20_2_1_20_2_build_4_v2/net/fabricmc/fabric-api/fabric-recipe-api-v1/2.0.14+52b3ebe5a0/fabric-recipe-api-v1-2.0.14+52b3ebe5a0.jar to classpath.
[22:39:24] [main/DEBUG] (FabricLoader/Knot) Adding /Users/cr/st/fabric-efac-1.20.2/.gradle/loom-cache/remapped_mods/net_fabricmc_yarn_1_20_2_1_20_2_build_4_v2/net/fabricmc/fabric-api/fabric-registry-sync-v0/4.0.12+b1792f7da0/fabric-registry-sync-v0-4.0.12+b1792f7da0.jar to classpath.
[22:39:24] [main/DEBUG] (FabricLoader/Knot) Adding /Users/cr/st/fabric-efac-1.20.2/.gradle/loom-cache/remapped_mods/net_fabricmc_yarn_1_20_2_1_20_2_build_4_v2/net/fabricmc/fabric-api/fabric-screen-handler-api-v1/1.3.47+b1792f7da0/fabric-screen-handler-api-v1-1.3.47+b1792f7da0.jar to classpath.
[22:39:24] [main/DEBUG] (FabricLoader/Knot) Adding /Users/cr/st/fabric-efac-1.20.2/.gradle/loom-cache/remapped_mods/net_fabricmc_yarn_1_20_2_1_20_2_build_4_v2/net/fabricmc/fabric-api/fabric-containers-v0/0.1.81+df3654b3a0/fabric-containers-v0-0.1.81+df3654b3a0.jar to classpath.
[22:39:24] [main/DEBUG] (FabricLoader/Knot) Adding /Users/cr/st/fabric-efac-1.20.2/.gradle/loom-cache/remapped_mods/net_fabricmc_yarn_1_20_2_1_20_2_build_4_v2/net/fabricmc/fabric-api/fabric-networking-api-v1/3.1.5+f4be560ba0/fabric-networking-api-v1-3.1.5+f4be560ba0.jar to classpath.
[22:39:24] [main/DEBUG] (FabricLoader/Knot) Adding /Users/cr/st/fabric-efac-1.20.2/.gradle/loom-cache/remapped_mods/net_fabricmc_yarn_1_20_2_1_20_2_build_4_v2/net/fabricmc/fabric-api/fabric-object-builder-api-v1/12.1.2+2ff98d3ba0/fabric-object-builder-api-v1-12.1.2+2ff98d3ba0.jar to classpath.
[22:39:24] [main/DEBUG] (FabricLoader/Knot) Adding /Users/cr/st/fabric-efac-1.20.2/.gradle/loom-cache/remapped_mods/net_fabricmc_yarn_1_20_2_1_20_2_build_4_v2/net/fabricmc/fabric-api/fabric-particles-v1/1.1.4+f4b7e424a0/fabric-particles-v1-1.1.4+f4b7e424a0.jar to classpath.
[22:39:24] [main/DEBUG] (FabricLoader/Knot) Adding /Users/cr/st/fabric-efac-1.20.2/.gradle/loom-cache/remapped_mods/net_fabricmc_yarn_1_20_2_1_20_2_build_4_v2/net/fabricmc/fabric-api/fabric-renderer-indigo/1.5.1+2034447ca0/fabric-renderer-indigo-1.5.1+2034447ca0.jar to classpath.
[22:39:24] [main/DEBUG] (FabricLoader/Knot) Adding /Users/cr/st/fabric-efac-1.20.2/.gradle/loom-cache/remapped_mods/net_fabricmc_yarn_1_20_2_1_20_2_build_4_v2/net/fabricmc/fabric-api/fabric-renderer-api-v1/3.2.1+2034447ca0/fabric-renderer-api-v1-3.2.1+2034447ca0.jar to classpath.
[22:39:24] [main/DEBUG] (FabricLoader/Knot) Adding /Users/cr/st/fabric-efac-1.20.2/.gradle/loom-cache/remapped_mods/net_fabricmc_yarn_1_20_2_1_20_2_build_4_v2/net/fabricmc/fabric-api/fabric-rendering-fluids-v1/3.0.30+f4b7e424a0/fabric-rendering-fluids-v1-3.0.30+f4b7e424a0.jar to classpath.
[22:39:24] [main/DEBUG] (FabricLoader/Knot) Adding /Users/cr/st/fabric-efac-1.20.2/.gradle/loom-cache/remapped_mods/net_fabricmc_yarn_1_20_2_1_20_2_build_4_v2/net/fabricmc/fabric-api/fabric-renderer-registries-v1/3.2.49+df3654b3a0/fabric-renderer-registries-v1-3.2.49+df3654b3a0.jar to classpath.
[22:39:24] [main/DEBUG] (FabricLoader/Knot) Adding /Users/cr/st/fabric-efac-1.20.2/.gradle/loom-cache/remapped_mods/net_fabricmc_yarn_1_20_2_1_20_2_build_4_v2/net/fabricmc/fabric-api/fabric-rendering-v0/1.1.52+df3654b3a0/fabric-rendering-v0-1.1.52+df3654b3a0.jar to classpath.
[22:39:24] [main/DEBUG] (FabricLoader/Knot) Adding /Users/cr/st/fabric-efac-1.20.2/.gradle/loom-cache/remapped_mods/net_fabricmc_yarn_1_20_2_1_20_2_build_4_v2/net/fabricmc/fabric-api/fabric-rendering-v1/3.0.11+b1792f7da0/fabric-rendering-v1-3.0.11+b1792f7da0.jar to classpath.
[22:39:24] [main/DEBUG] (FabricLoader/Knot) Adding /Users/cr/st/fabric-efac-1.20.2/.gradle/loom-cache/remapped_mods/net_fabricmc_yarn_1_20_2_1_20_2_build_4_v2/net/fabricmc/fabric-api/fabric-screen-api-v1/2.0.12+b1792f7da0/fabric-screen-api-v1-2.0.12+b1792f7da0.jar to classpath.
[22:39:24] [main/DEBUG] (FabricLoader/Knot) Adding /Users/cr/st/fabric-efac-1.20.2/.gradle/loom-cache/remapped_mods/net_fabricmc_yarn_1_20_2_1_20_2_build_4_v2/net/fabricmc/fabric-api/fabric-api-base/0.4.33+fce67b32a0/fabric-api-base-0.4.33+fce67b32a0.jar to classpath.
[22:39:24] [main/DEBUG] (FabricLoader/Knot) Adding /Users/cr/st/fabric-efac-1.20.2/.gradle/loom-cache/remapped_mods/net_fabricmc_yarn_1_20_2_1_20_2_build_4_v2/net/fabricmc/fabric-api/fabric-biome-api-v1/13.0.14+b1792f7da0/fabric-biome-api-v1-13.0.14+b1792f7da0.jar to classpath.
[22:39:24] [main/DEBUG] (FabricLoader/Knot) Adding /Users/cr/st/fabric-efac-1.20.2/.gradle/loom-cache/remapped_mods/net_fabricmc_yarn_1_20_2_1_20_2_build_4_v2/net/fabricmc/fabric-api/fabric-block-api-v1/1.0.12+73761d2ea0/fabric-block-api-v1-1.0.12+73761d2ea0.jar to classpath.
[22:39:24] [main/DEBUG] (FabricLoader/Knot) Adding /Users/cr/st/fabric-efac-1.20.2/.gradle/loom-cache/remapped_mods/net_fabricmc_yarn_1_20_2_1_20_2_build_4_v2/net/fabricmc/fabric-api/fabric-rendering-data-attachment-v1/0.3.39+73761d2ea0/fabric-rendering-data-attachment-v1-0.3.39+73761d2ea0.jar to classpath.
[22:39:24] [main/DEBUG] (FabricLoader/Knot) Adding /Users/cr/st/fabric-efac-1.20.2/.gradle/loom-cache/remapped_mods/net_fabricmc_yarn_1_20_2_1_20_2_build_4_v2/net/fabricmc/fabric-api/fabric-block-view-api-v2/1.0.1+73761d2ea0/fabric-block-view-api-v2-1.0.1+73761d2ea0.jar to classpath.
[22:39:24] [main/DEBUG] (FabricLoader/Knot) Adding /Users/cr/st/fabric-efac-1.20.2/.gradle/loom-cache/remapped_mods/net_fabricmc_yarn_1_20_2_1_20_2_build_4_v2/net/fabricmc/fabric-api/fabric-crash-report-info-v1/0.2.20+f4b7e424a0/fabric-crash-report-info-v1-0.2.20+f4b7e424a0.jar to classpath.
[22:39:24] [main/DEBUG] (FabricLoader/Knot) Adding /Users/cr/st/fabric-efac-1.20.2/.gradle/loom-cache/remapped_mods/net_fabricmc_yarn_1_20_2_1_20_2_build_4_v2/net/fabricmc/fabric-api/fabric-game-rule-api-v1/1.0.42+a44e16a6a0/fabric-game-rule-api-v1-1.0.42+a44e16a6a0.jar to classpath.
[22:39:24] [main/DEBUG] (FabricLoader/Knot) Adding /Users/cr/st/fabric-efac-1.20.2/.gradle/loom-cache/remapped_mods/net_fabricmc_yarn_1_20_2_1_20_2_build_4_v2/net/fabricmc/fabric-api/fabric-keybindings-v0/0.2.36+df3654b3a0/fabric-keybindings-v0-0.2.36+df3654b3a0.jar to classpath.
[22:39:24] [main/DEBUG] (FabricLoader/Knot) Adding /Users/cr/st/fabric-efac-1.20.2/.gradle/loom-cache/remapped_mods/net_fabricmc_yarn_1_20_2_1_20_2_build_4_v2/net/fabricmc/fabric-api/fabric-key-binding-api-v1/1.0.38+f4b7e424a0/fabric-key-binding-api-v1-1.0.38+f4b7e424a0.jar to classpath.
[22:39:24] [main/DEBUG] (FabricLoader/Knot) Adding /Users/cr/st/fabric-efac-1.20.2/.gradle/loom-cache/remapped_mods/net_fabricmc_yarn_1_20_2_1_20_2_build_4_v2/net/fabricmc/fabric-api/fabric-resource-conditions-api-v1/2.3.11+239dafd8a0/fabric-resource-conditions-api-v1-2.3.11+239dafd8a0.jar to classpath.
[22:39:24] [main/DEBUG] (FabricLoader/Knot) Adding /Users/cr/st/fabric-efac-1.20.2/.gradle/loom-cache/remapped_mods/net_fabricmc_yarn_1_20_2_1_20_2_build_4_v2/net/fabricmc/fabric-api/fabric-resource-loader-v0/0.11.12+b1792f7da0/fabric-resource-loader-v0-0.11.12+b1792f7da0.jar to classpath.
[22:39:24] [main/DEBUG] (FabricLoader/Knot) Adding /Users/cr/st/fabric-efac-1.20.2/.gradle/loom-cache/remapped_mods/net_fabricmc_yarn_1_20_2_1_20_2_build_4_v2/net/fabricmc/fabric-api/fabric-sound-api-v1/1.0.14+f4b7e424a0/fabric-sound-api-v1-1.0.14+f4b7e424a0.jar to classpath.
[22:39:24] [main/DEBUG] (FabricLoader/Knot) Adding /Users/cr/st/fabric-efac-1.20.2/.gradle/loom-cache/remapped_mods/net_fabricmc_yarn_1_20_2_1_20_2_build_4_v2/net/fabricmc/fabric-api/fabric-transitive-access-wideners-v1/5.0.3+fce67b32a0/fabric-transitive-access-wideners-v1-5.0.3+fce67b32a0.jar to classpath.
[22:39:24] [main/DEBUG] (FabricLoader/Knot) Adding /Users/cr/st/fabric-efac-1.20.2/.gradle/loom-cache/remapped_mods/net_fabricmc_yarn_1_20_2_1_20_2_build_4_v2/com/llamalad7/mixinextras/mixinextras-fabric/0.2.0-beta.5/mixinextras-fabric-0.2.0-beta.5.jar to classpath.
[22:39:24] [main/DEBUG] (FabricLoader/Knot) Adding /Users/cr/.gradle/caches/modules-2/files-2.1/org.jline/jline-reader/3.20.0/8f15415b022a25b473e8e16c28ae913186ffb9c4/jline-reader-3.20.0.jar to classpath.
[22:39:24] [main/DEBUG] (FabricLoader/Knot) Adding /Users/cr/.gradle/caches/modules-2/files-2.1/org.jline/jline-terminal/3.20.0/d0ddcc708ddf527a3454c941b7b9225cc83a15ff/jline-terminal-3.20.0.jar to classpath.
[22:39:24] [main/DEBUG] (FabricLoader/Entrypoint) No subscribers for entrypoint 'preLaunch'
[22:39:24] [main/DEBUG] (FabricLoader/Mixin) Preparing mixins for MixinEnvironment[DEFAULT]
[22:39:24] [main/DEBUG] (FabricLoader/Mixin) Selecting config fabric-containers-v0.mixins.json
[22:39:24] [main/DEBUG] (FabricLoader/Mixin) Remapping refMap fabric-containers-v0-refmap.json using remapper chain
[22:39:24] [main/DEBUG] (FabricLoader/Mixin) Selecting config fabric-containers-v0.accurate.mixins.json
[22:39:24] [main/DEBUG] (FabricLoader/Mixin) Remapping refMap fabric-containers-v0-refmap.json using remapper chain
[22:39:24] [main/DEBUG] (FabricLoader/Mixin) Selecting config fabric-renderer-api-v1.mixins.json
[22:39:24] [main/DEBUG] (FabricLoader/Mixin) Remapping refMap client-fabric-renderer-api-v1-refmap.json using remapper chain
[22:39:24] [main/DEBUG] (FabricLoader/Mixin) Selecting config fabric-renderer-api-v1.debughud.mixins.json
[22:39:24] [main/DEBUG] (FabricLoader/Mixin) Remapping refMap client-fabric-renderer-api-v1-refmap.json using remapper chain
[22:39:24] [main/DEBUG] (FabricLoader/Mixin) Selecting config mixinextras.init.mixins.json
