[22:15:53] [main/INFO] (FabricLoader/GameProvider) Loading Minecraft 1.20.2 with Fabric Loader 0.16.4
[22:15:53] [ForkJoinPool-1-worker-1/WARN] (FabricLoader/Metadata) Mod efac uses the version 0.2a-1.20.2 which isn't compatible with Loader's extended semantic version format (Could not parse version number component '2a'!), SemVer is recommended for reliably evaluating dependencies and prioritizing newer version
[22:15:53] [main/INFO] (FabricLoader) Loading 59 mods:
	- customportalapi 0.0.1-beta64-1.20.2
	- efac 0.2a-1.20.2
	- fabric-api 0.91.6+1.20.2
	- fabric-api-base 0.4.33+fce67b32a0
	- fabric-api-lookup-api-v1 1.6.43+b1792f7da0
	- fabric-biome-api-v1 13.0.14+b1792f7da0
	- fabric-block-api-v1 1.0.12+73761d2ea0
	- fabric-block-view-api-v2 1.0.1+73761d2ea0
	- fabric-blockrenderlayer-v1 1.1.43+f4b7e424a0
	- fabric-client-tags-api-v1 1.1.4+86b12645a0
	- fabric-command-api-v1 1.2.37+f71b366fa0
	- fabric-command-api-v2 2.2.16+b1792f7da0
	- fabric-commands-v0 0.2.54+df3654b3a0
	- fabric-containers-v0 0.1.81+df3654b3a0
	- fabric-content-registries-v0 5.0.6+b1792f7da0
	- fabric-convention-tags-v1 1.5.8+b1792f7da0
	- fabric-crash-report-info-v1 0.2.20+f4b7e424a0
	- fabric-data-generation-api-v1 13.1.11+b1792f7da0
	- fabric-dimensions-v1 2.1.57+b1792f7da0
	- fabric-entity-events-v1 1.5.26+b1792f7da0
	- fabric-events-interaction-v0 0.6.10+b1792f7da0
	- fabric-events-lifecycle-v0 0.2.70+df3654b3a0
	- fabric-game-rule-api-v1 1.0.42+a44e16a6a0
	- fabric-gametest-api-v1 1.2.16+b1792f7da0
	- fabric-item-api-v1 2.1.33+b1792f7da0
	- fabric-item-group-api-v1 4.0.15+e3d2bf3fa0
	- fabric-key-binding-api-v1 1.0.38+f4b7e424a0
	- fabric-keybindings-v0 0.2.36+df3654b3a0
	- fabric-lifecycle-events-v1 2.2.28+c8b10480a0
	- fabric-loot-api-v2 2.1.1+3ba460fba0
	- fabric-message-api-v1 6.0.2+e3d2bf3fa0
	- fabric-mining-level-api-v1 2.1.56+f4b7e424a0
	- fabric-model-loading-api-v1 1.0.6+b1792f7da0
	- fabric-models-v0 0.4.5+9386d8a7a0
	- fabric-networking-api-v1 3.1.5+f4be560ba0
	- fabric-object-builder-api-v1 12.1.2+2ff98d3ba0
	- fabric-particles-v1 1.1.4+f4b7e424a0
	- fabric-recipe-api-v1 2.0.14+52b3ebe5a0
	- fabric-registry-sync-v0 4.0.12+b1792f7da0
	- fabric-renderer-api-v1 3.2.1+2034447ca0
	- fabric-renderer-indigo 1.5.1+2034447ca0
	- fabric-renderer-registries-v1 3.2.49+df3654b3a0
	- fabric-rendering-data-attachment-v1 0.3.39+73761d2ea0
	- fabric-rendering-fluids-v1 3.0.30+f4b7e424a0
	- fabric-rendering-v0 1.1.52+df3654b3a0
	- fabric-rendering-v1 3.0.11+b1792f7da0
	- fabric-resource-conditions-api-v1 2.3.11+239dafd8a0
	- fabric-resource-loader-v0 0.11.12+b1792f7da0
	- fabric-screen-api-v1 2.0.12+b1792f7da0
	- fabric-screen-handler-api-v1 1.3.47+b1792f7da0
	- fabric-sound-api-v1 1.0.14+f4b7e424a0
	- fabric-transfer-api-v1 3.3.13+4944b5a5a0
	- fabric-transitive-access-wideners-v1 5.0.3+fce67b32a0
	- fabricloader 0.16.4
	- java 21
	- minecraft 1.20.2
	- mixinextras 0.4.1
	- terrablender 3.0.0.170
	- terraform-wood-api-v1 7.0.1
[22:15:53] [main/INFO] (FabricLoader/Mixin) SpongePowered MIXIN Subsystem Version=0.8.7 Source=file:/Users/cr/.gradle/caches/modules-2/files-2.1/net.fabricmc/sponge-mixin/0.15.3+mixin.0.8.7/51ee0a44ab05f6fddd66b09e66b3a16904f9c55d/sponge-mixin-0.15.3+mixin.0.8.7.jar Service=Knot/Fabric Env=CLIENT
[22:15:54] [main/INFO] (FabricLoader/Mixin) Loaded Fabric development mappings for mixin remapper!
[22:15:54] [main/INFO] (FabricLoader/Mixin) Compatibility level set to JAVA_16
[22:15:54] [main/INFO] (FabricLoader/Mixin) Compatibility level set to JAVA_17
[22:15:54] [main/INFO] (FabricLoader/MixinExtras|Service) Initializing MixinExtras via com.llamalad7.mixinextras.service.MixinExtrasServiceImpl(version=0.4.1).
[22:15:57] [Datafixer Bootstrap/INFO] (Minecraft) 192 Datafixer optimizations took 60 milliseconds
[22:15:57] [Render thread/INFO] (Minecraft) Environment: Environment[accountsHost=https://api.mojang.com, sessionHost=https://sessionserver.mojang.com, servicesHost=https://api.minecraftservices.com, name=PROD]
[22:15:58] [Render thread/ERROR] (Minecraft) Failed to verify authentication
com.mojang.authlib.exceptions.InvalidCredentialsException: Status: 401
	at com.mojang.authlib.exceptions.MinecraftClientHttpException.toAuthenticationException(MinecraftClientHttpException.java:59) ~[authlib-5.0.47.jar:?]
	at com.mojang.authlib.yggdrasil.YggdrasilUserApiService.fetchProperties(YggdrasilUserApiService.java:159) ~[authlib-5.0.47.jar:?]
	at com.mojang.authlib.yggdrasil.YggdrasilUserApiService.<init>(YggdrasilUserApiService.java:53) ~[authlib-5.0.47.jar:?]
	at com.mojang.authlib.yggdrasil.YggdrasilAuthenticationService.createUserApiService(YggdrasilAuthenticationService.java:55) ~[authlib-5.0.47.jar:?]
	at net.minecraft.client.MinecraftClient.createUserApiService(MinecraftClient.java:792) ~[minecraft-merged-96a6bf125f-1.20.2-net.fabricmc.yarn.1_20_2.1.20.2+build.4-v2.jar:?]
	at net.minecraft.client.MinecraftClient.<init>(MinecraftClient.java:510) ~[minecraft-merged-96a6bf125f-1.20.2-net.fabricmc.yarn.1_20_2.1.20.2+build.4-v2.jar:?]
	at net.minecraft.client.main.Main.main(Main.java:193) ~[minecraft-merged-96a6bf125f-1.20.2-net.fabricmc.yarn.1_20_2.1.20.2+build.4-v2.jar:?]
	at net.fabricmc.loader.impl.game.minecraft.MinecraftGameProvider.launch(MinecraftGameProvider.java:480) ~[fabric-loader-0.16.4.jar:?]
	at net.fabricmc.loader.impl.launch.knot.Knot.launch(Knot.java:74) ~[fabric-loader-0.16.4.jar:?]
	at net.fabricmc.loader.impl.launch.knot.KnotClient.main(KnotClient.java:23) ~[fabric-loader-0.16.4.jar:?]
	at net.fabricmc.devlaunchinjector.Main.main(Main.java:86) ~[dev-launch-injector-0.2.1+build.8.jar:?]
Caused by: com.mojang.authlib.exceptions.MinecraftClientHttpException: Status: 401
	at com.mojang.authlib.minecraft.client.MinecraftClient.readInputStream(MinecraftClient.java:100) ~[authlib-5.0.47.jar:?]
	at com.mojang.authlib.minecraft.client.MinecraftClient.get(MinecraftClient.java:57) ~[authlib-5.0.47.jar:?]
	at com.mojang.authlib.yggdrasil.YggdrasilUserApiService.fetchProperties(YggdrasilUserApiService.java:130) ~[authlib-5.0.47.jar:?]
	... 9 more
[22:15:58] [Render thread/INFO] (Minecraft) Setting user: Player559
[22:15:58] [Render thread/INFO] (fabric-networking-api-v1) Force Packet Serialization is enabled to mimic remote connection on single player, this is the default behaviour on dev env. Add -Dfabric-api.networking.force-packet-serialization=false JVM arg to disable it.
[22:15:58] [Render thread/INFO] (terrablender) Registered region minecraft:overworld to index 0 for type OVERWORLD
[22:15:58] [Render thread/INFO] (terrablender) Registered region minecraft:nether to index 0 for type NETHER
[22:15:58] [Render thread/INFO] (terrablender) Registered region efac:overworld to index 1 for type OVERWORLD
[22:15:58] [Render thread/INFO] (efac) Hello Guggy world!
[22:15:58] [Render thread/INFO] (efac) Registering Item Groups for efac
[22:15:58] [Render thread/INFO] (efac) Registering Mod Items for efac
[22:15:58] [Render thread/INFO] (efac) Registering ModBlocks for efac
[22:15:58] [Render thread/INFO] (efac) Registering Mod Entities for efac
[22:15:58] [Render thread/INFO] (efac) Registering Block Entities for efac
[22:15:58] [Render thread/INFO] (efac) Registering damage types for efac
[22:15:58] [Render thread/INFO] (efac) Registering Sounds for efac
[22:15:58] [Render thread/INFO] (efac) Registering Screen Handlers for efac
[22:15:58] [Render thread/INFO] (Indigo) [Indigo] Registering Indigo renderer!
[22:15:58] [Render thread/INFO] (Minecraft) Backend library: LWJGL version 3.3.2-snapshot
[22:15:58] [Render thread/INFO] (Minecraft) [STDERR]: [LWJGL] [ThreadLocalUtil] Unsupported JNI version detected, this may result in a crash. Please inform LWJGL developers.
[22:15:59] [Render thread/INFO] (Minecraft) Found non-pack entry '/Users/cr/st/fabric-efac-1.20.2/run/resourcepacks/.DS_Store', ignoring
[22:15:59] [Render thread/INFO] (Minecraft) Reloading ResourceManager: vanilla, fabric (fabric-entity-events-v1, fabric-renderer-registries-v1, fabric-screen-handler-api-v1, fabric-game-rule-api-v1, fabric-rendering-fluids-v1, fabric-transfer-api-v1, fabric-convention-tags-v1, fabric-content-registries-v0, fabricloader, fabric-message-api-v1, fabric-particles-v1, fabric-screen-api-v1, terraform-wood-api-v1, fabric-mining-level-api-v1, fabric-blockrenderlayer-v1, fabric-item-group-api-v1, fabric-models-v0, fabric-object-builder-api-v1, fabric-resource-loader-v0, fabric-lifecycle-events-v1, fabric-biome-api-v1, fabric-rendering-v0, fabric-rendering-data-attachment-v1, fabric-registry-sync-v0, fabric-renderer-indigo, fabric-block-view-api-v2, fabric-api-base, fabric-events-interaction-v0, fabric-containers-v0, customportalapi, fabric-transitive-access-wideners-v1, fabric-data-generation-api-v1, fabric-api-lookup-api-v1, fabric-recipe-api-v1, fabric-loot-api-v2, fabric-dimensions-v1, fabric-key-binding-api-v1, fabric-keybindings-v0, fabric-block-api-v1, fabric-sound-api-v1, terrablender, fabric-renderer-api-v1, fabric-command-api-v1, fabric-command-api-v2, fabric-api, fabric-model-loading-api-v1, fabric-item-api-v1, fabric-networking-api-v1, fabric-events-lifecycle-v0, fabric-rendering-v1, fabric-crash-report-info-v1, fabric-commands-v0, fabric-resource-conditions-api-v1, fabric-gametest-api-v1, fabric-client-tags-api-v1, efac)
[22:15:59] [Worker-Main-2/INFO] (Minecraft) Found unifont_all_no_pua-15.0.06.hex, loading
[22:16:00] [Worker-Main-3/WARN] (Minecraft) Exception loading blockstate definition: 'efac:blockstates/prima_hanging_sign.json' missing model for variant: 'efac:prima_hanging_sign#attached=true,rotation=12,waterlogged=true'
[22:16:00] [Worker-Main-3/WARN] (Minecraft) Exception loading blockstate definition: 'efac:blockstates/prima_hanging_sign.json' missing model for variant: 'efac:prima_hanging_sign#attached=true,rotation=14,waterlogged=false'
[22:16:00] [Worker-Main-3/WARN] (Minecraft) Exception loading blockstate definition: 'efac:blockstates/prima_hanging_sign.json' missing model for variant: 'efac:prima_hanging_sign#attached=false,rotation=9,waterlogged=true'
[22:16:00] [Worker-Main-3/WARN] (Minecraft) Exception loading blockstate definition: 'efac:blockstates/prima_hanging_sign.json' missing model for variant: 'efac:prima_hanging_sign#attached=false,rotation=7,waterlogged=false'
[22:16:00] [Worker-Main-3/WARN] (Minecraft) Exception loading blockstate definition: 'efac:blockstates/prima_hanging_sign.json' missing model for variant: 'efac:prima_hanging_sign#attached=false,rotation=0,waterlogged=true'
[22:16:00] [Worker-Main-3/WARN] (Minecraft) Exception loading blockstate definition: 'efac:blockstates/prima_hanging_sign.json' missing model for variant: 'efac:prima_hanging_sign#attached=false,rotation=2,waterlogged=false'
[22:16:00] [Worker-Main-3/WARN] (Minecraft) Exception loading blockstate definition: 'efac:blockstates/prima_hanging_sign.json' missing model for variant: 'efac:prima_hanging_sign#attached=true,rotation=3,waterlogged=true'
[22:16:00] [Worker-Main-3/WARN] (Minecraft) Exception loading blockstate definition: 'efac:blockstates/prima_hanging_sign.json' missing model for variant: 'efac:prima_hanging_sign#attached=true,rotation=4,waterlogged=true'
[22:16:00] [Worker-Main-3/WARN] (Minecraft) Exception loading blockstate definition: 'efac:blockstates/prima_hanging_sign.json' missing model for variant: 'efac:prima_hanging_sign#attached=true,rotation=4,waterlogged=false'
[22:16:00] [Worker-Main-3/WARN] (Minecraft) Exception loading blockstate definition: 'efac:blockstates/prima_hanging_sign.json' missing model for variant: 'efac:prima_hanging_sign#attached=true,rotation=0,waterlogged=false'
[22:16:00] [Worker-Main-3/WARN] (Minecraft) Exception loading blockstate definition: 'efac:blockstates/prima_hanging_sign.json' missing model for variant: 'efac:prima_hanging_sign#attached=false,rotation=10,waterlogged=false'
[22:16:00] [Worker-Main-3/WARN] (Minecraft) Exception loading blockstate definition: 'efac:blockstates/prima_hanging_sign.json' missing model for variant: 'efac:prima_hanging_sign#attached=false,rotation=1,waterlogged=true'
[22:16:00] [Worker-Main-3/WARN] (Minecraft) Exception loading blockstate definition: 'efac:blockstates/prima_hanging_sign.json' missing model for variant: 'efac:prima_hanging_sign#attached=true,rotation=13,waterlogged=true'
[22:16:00] [Worker-Main-3/WARN] (Minecraft) Exception loading blockstate definition: 'efac:blockstates/prima_hanging_sign.json' missing model for variant: 'efac:prima_hanging_sign#attached=true,rotation=13,waterlogged=false'
[22:16:00] [Worker-Main-3/WARN] (Minecraft) Exception loading blockstate definition: 'efac:blockstates/prima_hanging_sign.json' missing model for variant: 'efac:prima_hanging_sign#attached=false,rotation=3,waterlogged=false'
[22:16:00] [Worker-Main-3/WARN] (Minecraft) Exception loading blockstate definition: 'efac:blockstates/prima_hanging_sign.json' missing model for variant: 'efac:prima_hanging_sign#attached=true,rotation=9,waterlogged=false'
[22:16:00] [Worker-Main-3/WARN] (Minecraft) Exception loading blockstate definition: 'efac:blockstates/prima_hanging_sign.json' missing model for variant: 'efac:prima_hanging_sign#attached=false,rotation=9,waterlogged=false'
[22:16:00] [Worker-Main-3/WARN] (Minecraft) Exception loading blockstate definition: 'efac:blockstates/prima_hanging_sign.json' missing model for variant: 'efac:prima_hanging_sign#attached=true,rotation=0,waterlogged=true'
[22:16:00] [Worker-Main-3/WARN] (Minecraft) Exception loading blockstate definition: 'efac:blockstates/prima_hanging_sign.json' missing model for variant: 'efac:prima_hanging_sign#attached=false,rotation=6,waterlogged=true'
[22:16:00] [Worker-Main-3/WARN] (Minecraft) Exception loading blockstate definition: 'efac:blockstates/prima_hanging_sign.json' missing model for variant: 'efac:prima_hanging_sign#attached=true,rotation=1,waterlogged=false'
[22:16:00] [Worker-Main-3/WARN] (Minecraft) Exception loading blockstate definition: 'efac:blockstates/prima_hanging_sign.json' missing model for variant: 'efac:prima_hanging_sign#attached=true,rotation=10,waterlogged=true'
[22:16:00] [Worker-Main-3/WARN] (Minecraft) Exception loading blockstate definition: 'efac:blockstates/prima_hanging_sign.json' missing model for variant: 'efac:prima_hanging_sign#attached=false,rotation=12,waterlogged=false'
[22:16:00] [Worker-Main-3/WARN] (Minecraft) Exception loading blockstate definition: 'efac:blockstates/prima_hanging_sign.json' missing model for variant: 'efac:prima_hanging_sign#attached=true,rotation=5,waterlogged=true'
[22:16:00] [Worker-Main-3/WARN] (Minecraft) Exception loading blockstate definition: 'efac:blockstates/prima_hanging_sign.json' missing model for variant: 'efac:prima_hanging_sign#attached=false,rotation=3,waterlogged=true'
[22:16:00] [Worker-Main-3/WARN] (Minecraft) Exception loading blockstate definition: 'efac:blockstates/prima_hanging_sign.json' missing model for variant: 'efac:prima_hanging_sign#attached=false,rotation=8,waterlogged=true'
[22:16:00] [Worker-Main-3/WARN] (Minecraft) Exception loading blockstate definition: 'efac:blockstates/prima_hanging_sign.json' missing model for variant: 'efac:prima_hanging_sign#attached=false,rotation=8,waterlogged=false'
[22:16:00] [Worker-Main-3/WARN] (Minecraft) Exception loading blockstate definition: 'efac:blockstates/prima_hanging_sign.json' missing model for variant: 'efac:prima_hanging_sign#attached=true,rotation=15,waterlogged=false'
[22:16:00] [Worker-Main-3/WARN] (Minecraft) Exception loading blockstate definition: 'efac:blockstates/prima_hanging_sign.json' missing model for variant: 'efac:prima_hanging_sign#attached=false,rotation=15,waterlogged=true'
[22:16:00] [Worker-Main-3/WARN] (Minecraft) Exception loading blockstate definition: 'efac:blockstates/prima_hanging_sign.json' missing model for variant: 'efac:prima_hanging_sign#attached=false,rotation=1,waterlogged=false'
[22:16:00] [Worker-Main-3/WARN] (Minecraft) Exception loading blockstate definition: 'efac:blockstates/prima_hanging_sign.json' missing model for variant: 'efac:prima_hanging_sign#attached=true,rotation=8,waterlogged=false'
[22:16:00] [Worker-Main-3/WARN] (Minecraft) Exception loading blockstate definition: 'efac:blockstates/prima_hanging_sign.json' missing model for variant: 'efac:prima_hanging_sign#attached=false,rotation=10,waterlogged=true'
[22:16:00] [Worker-Main-3/WARN] (Minecraft) Exception loading blockstate definition: 'efac:blockstates/prima_hanging_sign.json' missing model for variant: 'efac:prima_hanging_sign#attached=true,rotation=2,waterlogged=true'
[22:16:00] [Worker-Main-3/WARN] (Minecraft) Exception loading blockstate definition: 'efac:blockstates/prima_hanging_sign.json' missing model for variant: 'efac:prima_hanging_sign#attached=false,rotation=11,waterlogged=false'
[22:16:00] [Worker-Main-3/WARN] (Minecraft) Exception loading blockstate definition: 'efac:blockstates/prima_hanging_sign.json' missing model for variant: 'efac:prima_hanging_sign#attached=true,rotation=15,waterlogged=true'
[22:16:00] [Worker-Main-3/WARN] (Minecraft) Exception loading blockstate definition: 'efac:blockstates/prima_hanging_sign.json' missing model for variant: 'efac:prima_hanging_sign#attached=false,rotation=4,waterlogged=true'
[22:16:00] [Worker-Main-3/WARN] (Minecraft) Exception loading blockstate definition: 'efac:blockstates/prima_hanging_sign.json' missing model for variant: 'efac:prima_hanging_sign#attached=true,rotation=2,waterlogged=false'
[22:16:00] [Worker-Main-3/WARN] (Minecraft) Exception loading blockstate definition: 'efac:blockstates/prima_hanging_sign.json' missing model for variant: 'efac:prima_hanging_sign#attached=false,rotation=12,waterlogged=true'
[22:16:00] [Worker-Main-3/WARN] (Minecraft) Exception loading blockstate definition: 'efac:blockstates/prima_hanging_sign.json' missing model for variant: 'efac:prima_hanging_sign#attached=true,rotation=11,waterlogged=false'
[22:16:00] [Worker-Main-3/WARN] (Minecraft) Exception loading blockstate definition: 'efac:blockstates/prima_hanging_sign.json' missing model for variant: 'efac:prima_hanging_sign#attached=true,rotation=7,waterlogged=true'
[22:16:00] [Worker-Main-3/WARN] (Minecraft) Exception loading blockstate definition: 'efac:blockstates/prima_hanging_sign.json' missing model for variant: 'efac:prima_hanging_sign#attached=false,rotation=5,waterlogged=false'
[22:16:00] [Worker-Main-3/WARN] (Minecraft) Exception loading blockstate definition: 'efac:blockstates/prima_hanging_sign.json' missing model for variant: 'efac:prima_hanging_sign#attached=false,rotation=11,waterlogged=true'
[22:16:00] [Worker-Main-3/WARN] (Minecraft) Exception loading blockstate definition: 'efac:blockstates/prima_hanging_sign.json' missing model for variant: 'efac:prima_hanging_sign#attached=true,rotation=7,waterlogged=false'
[22:16:00] [Worker-Main-3/WARN] (Minecraft) Exception loading blockstate definition: 'efac:blockstates/prima_hanging_sign.json' missing model for variant: 'efac:prima_hanging_sign#attached=true,rotation=9,waterlogged=true'
[22:16:00] [Worker-Main-3/WARN] (Minecraft) Exception loading blockstate definition: 'efac:blockstates/prima_hanging_sign.json' missing model for variant: 'efac:prima_hanging_sign#attached=false,rotation=13,waterlogged=true'
[22:16:00] [Worker-Main-3/WARN] (Minecraft) Exception loading blockstate definition: 'efac:blockstates/prima_hanging_sign.json' missing model for variant: 'efac:prima_hanging_sign#attached=false,rotation=5,waterlogged=true'
[22:16:00] [Worker-Main-3/WARN] (Minecraft) Exception loading blockstate definition: 'efac:blockstates/prima_hanging_sign.json' missing model for variant: 'efac:prima_hanging_sign#attached=true,rotation=3,waterlogged=false'
[22:16:00] [Worker-Main-3/WARN] (Minecraft) Exception loading blockstate definition: 'efac:blockstates/prima_hanging_sign.json' missing model for variant: 'efac:prima_hanging_sign#attached=false,rotation=13,waterlogged=false'
[22:16:00] [Worker-Main-3/WARN] (Minecraft) Exception loading blockstate definition: 'efac:blockstates/prima_hanging_sign.json' missing model for variant: 'efac:prima_hanging_sign#attached=false,rotation=0,waterlogged=false'
[22:16:00] [Worker-Main-3/WARN] (Minecraft) Exception loading blockstate definition: 'efac:blockstates/prima_hanging_sign.json' missing model for variant: 'efac:prima_hanging_sign#attached=true,rotation=8,waterlogged=true'
[22:16:00] [Worker-Main-3/WARN] (Minecraft) Exception loading blockstate definition: 'efac:blockstates/prima_hanging_sign.json' missing model for variant: 'efac:prima_hanging_sign#attached=false,rotation=6,waterlogged=false'
[22:16:00] [Worker-Main-3/WARN] (Minecraft) Exception loading blockstate definition: 'efac:blockstates/prima_hanging_sign.json' missing model for variant: 'efac:prima_hanging_sign#attached=true,rotation=10,waterlogged=false'
[22:16:00] [Worker-Main-3/WARN] (Minecraft) Exception loading blockstate definition: 'efac:blockstates/prima_hanging_sign.json' missing model for variant: 'efac:prima_hanging_sign#attached=false,rotation=14,waterlogged=true'
[22:16:00] [Worker-Main-3/WARN] (Minecraft) Exception loading blockstate definition: 'efac:blockstates/prima_hanging_sign.json' missing model for variant: 'efac:prima_hanging_sign#attached=false,rotation=7,waterlogged=true'
[22:16:00] [Worker-Main-3/WARN] (Minecraft) Exception loading blockstate definition: 'efac:blockstates/prima_hanging_sign.json' missing model for variant: 'efac:prima_hanging_sign#attached=true,rotation=6,waterlogged=false'
[22:16:00] [Worker-Main-3/WARN] (Minecraft) Exception loading blockstate definition: 'efac:blockstates/prima_hanging_sign.json' missing model for variant: 'efac:prima_hanging_sign#attached=false,rotation=2,waterlogged=true'
[22:16:00] [Worker-Main-3/WARN] (Minecraft) Exception loading blockstate definition: 'efac:blockstates/prima_hanging_sign.json' missing model for variant: 'efac:prima_hanging_sign#attached=true,rotation=1,waterlogged=true'
[22:16:00] [Worker-Main-3/WARN] (Minecraft) Exception loading blockstate definition: 'efac:blockstates/prima_hanging_sign.json' missing model for variant: 'efac:prima_hanging_sign#attached=true,rotation=14,waterlogged=true'
[22:16:00] [Worker-Main-3/WARN] (Minecraft) Exception loading blockstate definition: 'efac:blockstates/prima_hanging_sign.json' missing model for variant: 'efac:prima_hanging_sign#attached=false,rotation=15,waterlogged=false'
[22:16:00] [Worker-Main-3/WARN] (Minecraft) Exception loading blockstate definition: 'efac:blockstates/prima_hanging_sign.json' missing model for variant: 'efac:prima_hanging_sign#attached=true,rotation=12,waterlogged=false'
[22:16:00] [Worker-Main-3/WARN] (Minecraft) Exception loading blockstate definition: 'efac:blockstates/prima_hanging_sign.json' missing model for variant: 'efac:prima_hanging_sign#attached=false,rotation=4,waterlogged=false'
[22:16:00] [Worker-Main-3/WARN] (Minecraft) Exception loading blockstate definition: 'efac:blockstates/prima_hanging_sign.json' missing model for variant: 'efac:prima_hanging_sign#attached=true,rotation=11,waterlogged=true'
[22:16:00] [Worker-Main-3/WARN] (Minecraft) Exception loading blockstate definition: 'efac:blockstates/prima_hanging_sign.json' missing model for variant: 'efac:prima_hanging_sign#attached=false,rotation=14,waterlogged=false'
[22:16:00] [Worker-Main-3/WARN] (Minecraft) Exception loading blockstate definition: 'efac:blockstates/prima_hanging_sign.json' missing model for variant: 'efac:prima_hanging_sign#attached=true,rotation=5,waterlogged=false'
[22:16:00] [Worker-Main-3/WARN] (Minecraft) Exception loading blockstate definition: 'efac:blockstates/prima_hanging_sign.json' missing model for variant: 'efac:prima_hanging_sign#attached=true,rotation=6,waterlogged=true'
[22:16:00] [Worker-Main-3/WARN] (Minecraft) Exception loading blockstate definition: 'efac:blockstates/prima_wall_hanging_sign.json' missing model for variant: 'efac:prima_wall_hanging_sign#attached=true,rotation=3,waterlogged=false'
[22:16:00] [Worker-Main-3/WARN] (Minecraft) Exception loading blockstate definition: 'efac:blockstates/prima_wall_hanging_sign.json' missing model for variant: 'efac:prima_wall_hanging_sign#attached=true,rotation=9,waterlogged=true'
[22:16:00] [Worker-Main-3/WARN] (Minecraft) Exception loading blockstate definition: 'efac:blockstates/prima_wall_hanging_sign.json' missing model for variant: 'efac:prima_wall_hanging_sign#attached=false,rotation=0,waterlogged=false'
[22:16:00] [Worker-Main-3/WARN] (Minecraft) Exception loading blockstate definition: 'efac:blockstates/prima_wall_hanging_sign.json' missing model for variant: 'efac:prima_wall_hanging_sign#attached=true,rotation=0,waterlogged=true'
[22:16:00] [Worker-Main-3/WARN] (Minecraft) Exception loading blockstate definition: 'efac:blockstates/prima_wall_hanging_sign.json' missing model for variant: 'efac:prima_wall_hanging_sign#attached=true,rotation=12,waterlogged=false'
[22:16:00] [Worker-Main-3/WARN] (Minecraft) Exception loading blockstate definition: 'efac:blockstates/prima_wall_hanging_sign.json' missing model for variant: 'efac:prima_wall_hanging_sign#attached=false,rotation=5,waterlogged=false'
[22:16:00] [Worker-Main-3/WARN] (Minecraft) Exception loading blockstate definition: 'efac:blockstates/prima_wall_hanging_sign.json' missing model for variant: 'efac:prima_wall_hanging_sign#attached=false,rotation=13,waterlogged=true'
[22:16:00] [Worker-Main-3/WARN] (Minecraft) Exception loading blockstate definition: 'efac:blockstates/prima_wall_hanging_sign.json' missing model for variant: 'efac:prima_wall_hanging_sign#attached=false,rotation=6,waterlogged=true'
[22:16:00] [Worker-Main-3/WARN] (Minecraft) Exception loading blockstate definition: 'efac:blockstates/prima_wall_hanging_sign.json' missing model for variant: 'efac:prima_wall_hanging_sign#attached=false,rotation=12,waterlogged=true'
[22:16:00] [Worker-Main-3/WARN] (Minecraft) Exception loading blockstate definition: 'efac:blockstates/prima_wall_hanging_sign.json' missing model for variant: 'efac:prima_wall_hanging_sign#attached=true,rotation=8,waterlogged=true'
[22:16:00] [Worker-Main-3/WARN] (Minecraft) Exception loading blockstate definition: 'efac:blockstates/prima_wall_hanging_sign.json' missing model for variant: 'efac:prima_wall_hanging_sign#attached=false,rotation=6,waterlogged=false'
[22:16:00] [Worker-Main-3/WARN] (Minecraft) Exception loading blockstate definition: 'efac:blockstates/prima_wall_hanging_sign.json' missing model for variant: 'efac:prima_wall_hanging_sign#attached=false,rotation=15,waterlogged=false'
[22:16:00] [Worker-Main-3/WARN] (Minecraft) Exception loading blockstate definition: 'efac:blockstates/prima_wall_hanging_sign.json' missing model for variant: 'efac:prima_wall_hanging_sign#attached=true,rotation=9,waterlogged=false'
[22:16:00] [Worker-Main-3/WARN] (Minecraft) Exception loading blockstate definition: 'efac:blockstates/prima_wall_hanging_sign.json' missing model for variant: 'efac:prima_wall_hanging_sign#attached=true,rotation=13,waterlogged=false'
[22:16:00] [Worker-Main-3/WARN] (Minecraft) Exception loading blockstate definition: 'efac:blockstates/prima_wall_hanging_sign.json' missing model for variant: 'efac:prima_wall_hanging_sign#attached=false,rotation=5,waterlogged=true'
[22:16:00] [Worker-Main-3/WARN] (Minecraft) Exception loading blockstate definition: 'efac:blockstates/prima_wall_hanging_sign.json' missing model for variant: 'efac:prima_wall_hanging_sign#attached=false,rotation=3,waterlogged=true'
[22:16:00] [Worker-Main-3/WARN] (Minecraft) Exception loading blockstate definition: 'efac:blockstates/prima_wall_hanging_sign.json' missing model for variant: 'efac:prima_wall_hanging_sign#attached=false,rotation=7,waterlogged=false'
[22:16:00] [Worker-Main-3/WARN] (Minecraft) Exception loading blockstate definition: 'efac:blockstates/prima_wall_hanging_sign.json' missing model for variant: 'efac:prima_wall_hanging_sign#attached=false,rotation=8,waterlogged=true'
[22:16:00] [Worker-Main-3/WARN] (Minecraft) Exception loading blockstate definition: 'efac:blockstates/prima_wall_hanging_sign.json' missing model for variant: 'efac:prima_wall_hanging_sign#attached=true,rotation=7,waterlogged=true'
[22:16:00] [Worker-Main-3/WARN] (Minecraft) Exception loading blockstate definition: 'efac:blockstates/prima_wall_hanging_sign.json' missing model for variant: 'efac:prima_wall_hanging_sign#attached=true,rotation=2,waterlogged=true'
[22:16:00] [Worker-Main-3/WARN] (Minecraft) Exception loading blockstate definition: 'efac:blockstates/prima_wall_hanging_sign.json' missing model for variant: 'efac:prima_wall_hanging_sign#attached=true,rotation=1,waterlogged=false'
[22:16:00] [Worker-Main-3/WARN] (Minecraft) Exception loading blockstate definition: 'efac:blockstates/prima_wall_hanging_sign.json' missing model for variant: 'efac:prima_wall_hanging_sign#attached=false,rotation=10,waterlogged=false'
[22:16:00] [Worker-Main-3/WARN] (Minecraft) Exception loading blockstate definition: 'efac:blockstates/prima_wall_hanging_sign.json' missing model for variant: 'efac:prima_wall_hanging_sign#attached=true,rotation=7,waterlogged=false'
[22:16:00] [Worker-Main-3/WARN] (Minecraft) Exception loading blockstate definition: 'efac:blockstates/prima_wall_hanging_sign.json' missing model for variant: 'efac:prima_wall_hanging_sign#attached=false,rotation=15,waterlogged=true'
[22:16:00] [Worker-Main-3/WARN] (Minecraft) Exception loading blockstate definition: 'efac:blockstates/prima_wall_hanging_sign.json' missing model for variant: 'efac:prima_wall_hanging_sign#attached=true,rotation=10,waterlogged=true'
[22:16:00] [Worker-Main-3/WARN] (Minecraft) Exception loading blockstate definition: 'efac:blockstates/prima_wall_hanging_sign.json' missing model for variant: 'efac:prima_wall_hanging_sign#attached=true,rotation=8,waterlogged=false'
[22:16:00] [Worker-Main-3/WARN] (Minecraft) Exception loading blockstate definition: 'efac:blockstates/prima_wall_hanging_sign.json' missing model for variant: 'efac:prima_wall_hanging_sign#attached=false,rotation=11,waterlogged=false'
[22:16:00] [Worker-Main-3/WARN] (Minecraft) Exception loading blockstate definition: 'efac:blockstates/prima_wall_hanging_sign.json' missing model for variant: 'efac:prima_wall_hanging_sign#attached=true,rotation=2,waterlogged=false'
[22:16:00] [Worker-Main-3/WARN] (Minecraft) Exception loading blockstate definition: 'efac:blockstates/prima_wall_hanging_sign.json' missing model for variant: 'efac:prima_wall_hanging_sign#attached=true,rotation=15,waterlogged=true'
[22:16:00] [Worker-Main-3/WARN] (Minecraft) Exception loading blockstate definition: 'efac:blockstates/prima_wall_hanging_sign.json' missing model for variant: 'efac:prima_wall_hanging_sign#attached=true,rotation=5,waterlogged=true'
[22:16:00] [Worker-Main-3/WARN] (Minecraft) Exception loading blockstate definition: 'efac:blockstates/prima_wall_hanging_sign.json' missing model for variant: 'efac:prima_wall_hanging_sign#attached=false,rotation=1,waterlogged=false'
[22:16:00] [Worker-Main-3/WARN] (Minecraft) Exception loading blockstate definition: 'efac:blockstates/prima_wall_hanging_sign.json' missing model for variant: 'efac:prima_wall_hanging_sign#attached=true,rotation=14,waterlogged=false'
[22:16:00] [Worker-Main-3/WARN] (Minecraft) Exception loading blockstate definition: 'efac:blockstates/prima_wall_hanging_sign.json' missing model for variant: 'efac:prima_wall_hanging_sign#attached=false,rotation=10,waterlogged=true'
[22:16:00] [Worker-Main-3/WARN] (Minecraft) Exception loading blockstate definition: 'efac:blockstates/prima_wall_hanging_sign.json' missing model for variant: 'efac:prima_wall_hanging_sign#attached=true,rotation=15,waterlogged=false'
[22:16:00] [Worker-Main-3/WARN] (Minecraft) Exception loading blockstate definition: 'efac:blockstates/prima_wall_hanging_sign.json' missing model for variant: 'efac:prima_wall_hanging_sign#attached=true,rotation=14,waterlogged=true'
[22:16:00] [Worker-Main-3/WARN] (Minecraft) Exception loading blockstate definition: 'efac:blockstates/prima_wall_hanging_sign.json' missing model for variant: 'efac:prima_wall_hanging_sign#attached=true,rotation=4,waterlogged=true'
[22:16:00] [Worker-Main-3/WARN] (Minecraft) Exception loading blockstate definition: 'efac:blockstates/prima_wall_hanging_sign.json' missing model for variant: 'efac:prima_wall_hanging_sign#attached=false,rotation=3,waterlogged=false'
[22:16:00] [Worker-Main-3/WARN] (Minecraft) Exception loading blockstate definition: 'efac:blockstates/prima_wall_hanging_sign.json' missing model for variant: 'efac:prima_wall_hanging_sign#attached=false,rotation=12,waterlogged=false'
[22:16:00] [Worker-Main-3/WARN] (Minecraft) Exception loading blockstate definition: 'efac:blockstates/prima_wall_hanging_sign.json' missing model for variant: 'efac:prima_wall_hanging_sign#attached=false,rotation=0,waterlogged=true'
[22:16:00] [Worker-Main-3/WARN] (Minecraft) Exception loading blockstate definition: 'efac:blockstates/prima_wall_hanging_sign.json' missing model for variant: 'efac:prima_wall_hanging_sign#attached=false,rotation=8,waterlogged=false'
[22:16:00] [Worker-Main-3/WARN] (Minecraft) Exception loading blockstate definition: 'efac:blockstates/prima_wall_hanging_sign.json' missing model for variant: 'efac:prima_wall_hanging_sign#attached=false,rotation=2,waterlogged=false'
[22:16:00] [Worker-Main-3/WARN] (Minecraft) Exception loading blockstate definition: 'efac:blockstates/prima_wall_hanging_sign.json' missing model for variant: 'efac:prima_wall_hanging_sign#attached=true,rotation=10,waterlogged=false'
[22:16:00] [Worker-Main-3/WARN] (Minecraft) Exception loading blockstate definition: 'efac:blockstates/prima_wall_hanging_sign.json' missing model for variant: 'efac:prima_wall_hanging_sign#attached=false,rotation=9,waterlogged=true'
[22:16:00] [Worker-Main-3/WARN] (Minecraft) Exception loading blockstate definition: 'efac:blockstates/prima_wall_hanging_sign.json' missing model for variant: 'efac:prima_wall_hanging_sign#attached=false,rotation=9,waterlogged=false'
[22:16:00] [Worker-Main-3/WARN] (Minecraft) Exception loading blockstate definition: 'efac:blockstates/prima_wall_hanging_sign.json' missing model for variant: 'efac:prima_wall_hanging_sign#attached=true,rotation=3,waterlogged=true'
[22:16:00] [Worker-Main-3/WARN] (Minecraft) Exception loading blockstate definition: 'efac:blockstates/prima_wall_hanging_sign.json' missing model for variant: 'efac:prima_wall_hanging_sign#attached=true,rotation=12,waterlogged=true'
[22:16:00] [Worker-Main-3/WARN] (Minecraft) Exception loading blockstate definition: 'efac:blockstates/prima_wall_hanging_sign.json' missing model for variant: 'efac:prima_wall_hanging_sign#attached=true,rotation=13,waterlogged=true'
[22:16:00] [Worker-Main-3/WARN] (Minecraft) Exception loading blockstate definition: 'efac:blockstates/prima_wall_hanging_sign.json' missing model for variant: 'efac:prima_wall_hanging_sign#attached=true,rotation=6,waterlogged=false'
[22:16:00] [Worker-Main-3/WARN] (Minecraft) Exception loading blockstate definition: 'efac:blockstates/prima_wall_hanging_sign.json' missing model for variant: 'efac:prima_wall_hanging_sign#attached=false,rotation=1,waterlogged=true'
[22:16:00] [Worker-Main-3/WARN] (Minecraft) Exception loading blockstate definition: 'efac:blockstates/prima_wall_hanging_sign.json' missing model for variant: 'efac:prima_wall_hanging_sign#attached=true,rotation=0,waterlogged=false'
[22:16:00] [Worker-Main-3/WARN] (Minecraft) Exception loading blockstate definition: 'efac:blockstates/prima_wall_hanging_sign.json' missing model for variant: 'efac:prima_wall_hanging_sign#attached=false,rotation=13,waterlogged=false'
[22:16:00] [Worker-Main-3/WARN] (Minecraft) Exception loading blockstate definition: 'efac:blockstates/prima_wall_hanging_sign.json' missing model for variant: 'efac:prima_wall_hanging_sign#attached=false,rotation=4,waterlogged=false'
[22:16:00] [Worker-Main-3/WARN] (Minecraft) Exception loading blockstate definition: 'efac:blockstates/prima_wall_hanging_sign.json' missing model for variant: 'efac:prima_wall_hanging_sign#attached=false,rotation=11,waterlogged=true'
[22:16:00] [Worker-Main-3/WARN] (Minecraft) Exception loading blockstate definition: 'efac:blockstates/prima_wall_hanging_sign.json' missing model for variant: 'efac:prima_wall_hanging_sign#attached=true,rotation=11,waterlogged=true'
[22:16:00] [Worker-Main-3/WARN] (Minecraft) Exception loading blockstate definition: 'efac:blockstates/prima_wall_hanging_sign.json' missing model for variant: 'efac:prima_wall_hanging_sign#attached=true,rotation=4,waterlogged=false'
[22:16:00] [Worker-Main-3/WARN] (Minecraft) Exception loading blockstate definition: 'efac:blockstates/prima_wall_hanging_sign.json' missing model for variant: 'efac:prima_wall_hanging_sign#attached=false,rotation=4,waterlogged=true'
[22:16:00] [Worker-Main-3/WARN] (Minecraft) Exception loading blockstate definition: 'efac:blockstates/prima_wall_hanging_sign.json' missing model for variant: 'efac:prima_wall_hanging_sign#attached=true,rotation=5,waterlogged=false'
[22:16:00] [Worker-Main-3/WARN] (Minecraft) Exception loading blockstate definition: 'efac:blockstates/prima_wall_hanging_sign.json' missing model for variant: 'efac:prima_wall_hanging_sign#attached=false,rotation=2,waterlogged=true'
[22:16:00] [Worker-Main-3/WARN] (Minecraft) Exception loading blockstate definition: 'efac:blockstates/prima_wall_hanging_sign.json' missing model for variant: 'efac:prima_wall_hanging_sign#attached=true,rotation=1,waterlogged=true'
[22:16:00] [Worker-Main-3/WARN] (Minecraft) Exception loading blockstate definition: 'efac:blockstates/prima_wall_hanging_sign.json' missing model for variant: 'efac:prima_wall_hanging_sign#attached=true,rotation=6,waterlogged=true'
[22:16:00] [Worker-Main-3/WARN] (Minecraft) Exception loading blockstate definition: 'efac:blockstates/prima_wall_hanging_sign.json' missing model for variant: 'efac:prima_wall_hanging_sign#attached=false,rotation=7,waterlogged=true'
[22:16:00] [Worker-Main-3/WARN] (Minecraft) Exception loading blockstate definition: 'efac:blockstates/prima_wall_hanging_sign.json' missing model for variant: 'efac:prima_wall_hanging_sign#attached=false,rotation=14,waterlogged=false'
[22:16:00] [Worker-Main-3/WARN] (Minecraft) Exception loading blockstate definition: 'efac:blockstates/prima_wall_hanging_sign.json' missing model for variant: 'efac:prima_wall_hanging_sign#attached=true,rotation=11,waterlogged=false'
[22:16:00] [Worker-Main-3/WARN] (Minecraft) Exception loading blockstate definition: 'efac:blockstates/prima_wall_hanging_sign.json' missing model for variant: 'efac:prima_wall_hanging_sign#attached=false,rotation=14,waterlogged=true'
[22:16:00] [Render thread/WARN] (Minecraft) Missing sound for event: minecraft:item.goat_horn.play
[22:16:00] [Render thread/WARN] (Minecraft) Missing sound for event: minecraft:entity.goat.screaming.horn_break
[22:16:00] [Render thread/INFO] (Minecraft) OpenAL initialized on device MacBook Air Speakers
[22:16:00] [Render thread/INFO] (Minecraft) Sound engine started
[22:16:00] [Render thread/INFO] (Minecraft) Created: 2048x2048x4 minecraft:textures/atlas/blocks.png-atlas
[22:16:00] [Render thread/INFO] (Minecraft) Created: 512x512x4 minecraft:textures/atlas/signs.png-atlas
[22:16:00] [Render thread/INFO] (Minecraft) Created: 512x512x4 minecraft:textures/atlas/shield_patterns.png-atlas
[22:16:00] [Render thread/INFO] (Minecraft) Created: 512x512x4 minecraft:textures/atlas/banner_patterns.png-atlas
[22:16:00] [Render thread/INFO] (Minecraft) Created: 1024x1024x4 minecraft:textures/atlas/armor_trims.png-atlas
[22:16:00] [Render thread/INFO] (Minecraft) Created: 128x64x4 minecraft:textures/atlas/decorated_pot.png-atlas
[22:16:00] [Render thread/INFO] (Minecraft) Created: 1024x512x4 minecraft:textures/atlas/chest.png-atlas
[22:16:00] [Render thread/INFO] (Minecraft) Created: 2048x1024x4 minecraft:textures/atlas/shulker_boxes.png-atlas
[22:16:00] [Render thread/INFO] (Minecraft) Created: 2048x1024x4 minecraft:textures/atlas/beds.png-atlas
[22:16:01] [Render thread/WARN] (Minecraft) Shader rendertype_entity_translucent_emissive could not find sampler named Sampler2 in the specified shader program.
[22:16:01] [Render thread/INFO] (Minecraft) Created: 1024x512x0 minecraft:textures/atlas/particles.png-atlas
[22:16:01] [Render thread/INFO] (Minecraft) Created: 512x256x0 minecraft:textures/atlas/paintings.png-atlas
[22:16:01] [Render thread/INFO] (Minecraft) Created: 128x128x0 minecraft:textures/atlas/mob_effects.png-atlas
[22:16:01] [Render thread/INFO] (Minecraft) Created: 1024x512x0 minecraft:textures/atlas/gui.png-atlas
[22:16:01] [IO-Worker-1/INFO] (Minecraft) Could not authorize you against Realms server: java.lang.RuntimeException: Failed to parse into SignedJWT: FabricMC
[22:16:01] [IO-Worker-1/ERROR] (Minecraft) Couldn't connect to realms
net.minecraft.client.realms.exception.RealmsServiceException: Realms authentication error with message 'java.lang.RuntimeException: Failed to parse into SignedJWT: FabricMC'
	at net.minecraft.client.realms.RealmsClient.execute(RealmsClient.java:397) ~[minecraft-merged-96a6bf125f-1.20.2-net.fabricmc.yarn.1_20_2.1.20.2+build.4-v2.jar:?]
	at net.minecraft.client.realms.RealmsClient.clientCompatible(RealmsClient.java:186) ~[minecraft-merged-96a6bf125f-1.20.2-net.fabricmc.yarn.1_20_2.1.20.2+build.4-v2.jar:?]
	at net.minecraft.client.realms.RealmsAvailability.method_52627(RealmsAvailability.java:43) ~[minecraft-merged-96a6bf125f-1.20.2-net.fabricmc.yarn.1_20_2.1.20.2+build.4-v2.jar:?]
	at java.util.concurrent.CompletableFuture$AsyncSupply.run(CompletableFuture.java:1768) ~[?:?]
	at java.util.concurrent.ThreadPoolExecutor.runWorker(ThreadPoolExecutor.java:1144) ~[?:?]
	at java.util.concurrent.ThreadPoolExecutor$Worker.run(ThreadPoolExecutor.java:642) ~[?:?]
	at java.lang.Thread.run(Thread.java:1583) ~[?:?]
[22:16:04] [Render thread/INFO] (Minecraft) Loaded 7 recipes
[22:16:04] [Render thread/INFO] (Minecraft) Loaded 1329 advancements
[22:16:05] [Render thread/INFO] (terrablender) Initialized TerraBlender biomes for level stem minecraft:the_nether
[22:16:05] [Render thread/INFO] (terrablender) Initialized TerraBlender biomes for level stem minecraft:overworld
[22:16:05] [Render thread/INFO] (BiomeModificationImpl) Applied 385 biome modifications to 55 of 67 new biomes in 9.402 ms
[22:16:05] [Server thread/INFO] (Minecraft) Starting integrated minecraft server version 1.20.2
[22:16:05] [Server thread/INFO] (Minecraft) Generating keypair
[22:16:06] [Server thread/INFO] (Minecraft) Preparing start region for dimension minecraft:overworld
[22:16:08] [Render thread/INFO] (Minecraft) Preparing spawn area: 0%
[22:16:08] [Render thread/INFO] (Minecraft) Preparing spawn area: 0%
[22:16:08] [Render thread/INFO] (Minecraft) Preparing spawn area: 0%
[22:16:08] [Render thread/INFO] (Minecraft) Preparing spawn area: 0%
[22:16:08] [Render thread/INFO] (Minecraft) Time elapsed: 1940 ms
[22:16:08] [Server thread/INFO] (Minecraft) Changing view distance to 4, from 10
[22:16:08] [Server thread/INFO] (Minecraft) Changing simulation distance to 6, from 0
[22:16:09] [Server thread/INFO] (Minecraft) Player559[local:E:d116a0a7] logged in with entity id 216 at (-11.650174367246802, 72.0, 8.176259773586466)
[22:16:09] [Server thread/INFO] (Minecraft) Player559 joined the game
[22:16:09] [Server thread/INFO] (Minecraft) Player559 has made the advancement [Diamonds!]
[22:16:09] [Server thread/INFO] (Minecraft) Player559 has made the advancement [Acquire Hardware]
[22:16:09] [Render thread/INFO] (Minecraft) [System] [CHAT] Player559 has made the advancement [Diamonds!]
[22:16:09] [Render thread/INFO] (Minecraft) [System] [CHAT] Player559 has made the advancement [Acquire Hardware]
[22:16:09] [Render thread/INFO] (Minecraft) Loaded 91 advancements
[22:16:10] [Server thread/INFO] (Minecraft) Player559 has made the advancement [Bring Home the Bacon]
[22:16:10] [Server thread/INFO] (Minecraft) Player559 has reached the goal [Baconator]
[22:16:10] [Render thread/INFO] (Minecraft) [System] [CHAT] Player559 has made the advancement [Bring Home the Bacon]
[22:16:10] [Render thread/INFO] (Minecraft) [System] [CHAT] Player559 has reached the goal [Baconator]
[22:16:10] [Render thread/INFO] (Minecraft) Loaded 97 advancements
[22:16:42] [Render thread/INFO] (Minecraft) Loaded 99 advancements
[22:21:26] [Render thread/WARN] (Minecraft) Unable to play empty soundEvent: minecraft:entity.cod.ambient
[22:22:49] [Server thread/INFO] (Minecraft) Saving and pausing game...
[22:22:49] [Server thread/INFO] (Minecraft) Saving chunks for level 'ServerLevel[New Real Earth]'/minecraft:overworld
[22:22:49] [Server thread/INFO] (Minecraft) Saving chunks for level 'ServerLevel[New Real Earth]'/minecraft:the_end
[22:22:49] [Server thread/INFO] (Minecraft) Saving chunks for level 'ServerLevel[New Real Earth]'/minecraft:the_nether
[22:22:49] [Server thread/INFO] (Minecraft) Saving chunks for level 'ServerLevel[New Real Earth]'/efac:tunneldim
[22:22:49] [Server thread/INFO] (Minecraft) Saving chunks for level 'ServerLevel[New Real Earth]'/efac:scarydim
[22:22:49] [Server thread/INFO] (Minecraft) Player559 lost connection: Disconnected
[22:22:49] [Server thread/INFO] (Minecraft) Player559 left the game
[22:22:49] [Server thread/INFO] (Minecraft) Stopping singleplayer server as player logged out
[22:22:49] [Server thread/INFO] (Minecraft) Stopping server
[22:22:49] [Server thread/INFO] (Minecraft) Saving players
[22:22:49] [Server thread/INFO] (Minecraft) Saving worlds
[22:22:49] [Server thread/INFO] (Minecraft) Saving chunks for level 'ServerLevel[New Real Earth]'/minecraft:overworld
[22:22:50] [Server thread/INFO] (Minecraft) Saving chunks for level 'ServerLevel[New Real Earth]'/minecraft:the_end
[22:22:50] [Server thread/INFO] (Minecraft) Saving chunks for level 'ServerLevel[New Real Earth]'/minecraft:the_nether
[22:22:50] [Server thread/INFO] (Minecraft) Saving chunks for level 'ServerLevel[New Real Earth]'/efac:tunneldim
[22:22:50] [Server thread/INFO] (Minecraft) Saving chunks for level 'ServerLevel[New Real Earth]'/efac:scarydim
[22:22:50] [Server thread/INFO] (Minecraft) ThreadedAnvilChunkStorage (New Real Earth): All chunks are saved
[22:22:50] [Server thread/INFO] (Minecraft) ThreadedAnvilChunkStorage (DIM1): All chunks are saved
[22:22:50] [Server thread/INFO] (Minecraft) ThreadedAnvilChunkStorage (DIM-1): All chunks are saved
[22:22:50] [Server thread/INFO] (Minecraft) ThreadedAnvilChunkStorage (tunneldim): All chunks are saved
[22:22:50] [Server thread/INFO] (Minecraft) ThreadedAnvilChunkStorage (scarydim): All chunks are saved
[22:22:50] [Server thread/INFO] (Minecraft) ThreadedAnvilChunkStorage: All dimensions are saved
[22:22:51] [Render thread/INFO] (Minecraft) Stopping!
